17:08:50 **** Incremental Build of configuration Debug for project FreeRTOS_Mutex_Bin_Sema ****
make -j4 all 
Building file: ../src/main.c
Invoking: MCU GCC Compiler
C:\Users\-_Alex_-\Desktop\RTOS course\RTOS_workspace\FreeRTOS_Mutex_Bin_Sema\Debug
arm-none-eabi-gcc -mcpu=cortex-m4 -mthumb -mfloat-abi=hard -mfpu=fpv4-sp-d16 -DSTM32 -DSTM32F3 -DSTM32F33 -DSTM32F334R8Tx -DNUCLEO_F334R8 -DDEBUG -DSTM32F334x8 -DUSE_STDPERIPH_DRIVER -I"C:/Users/-_Alex_-/Desktop/RTOS course/RTOS_workspace/FreeRTOS_Mutex_Bin_Sema/Utilities/STM32F3xx_Nucleo" -I"C:/Users/-_Alex_-/Desktop/RTOS course/RTOS_workspace/FreeRTOS_Mutex_Bin_Sema/Config" -I"C:/Users/-_Alex_-/Desktop/RTOS course/RTOS_workspace/FreeRTOS_Mutex_Bin_Sema/Third_Party/FreeRTOS/org/Source/include" -I"C:/Users/-_Alex_-/Desktop/RTOS course/RTOS_workspace/FreeRTOS_Mutex_Bin_Sema/Third_Party/FreeRTOS/org/Source/portable/GCC/ARM_CM4F" -I"C:/Users/-_Alex_-/Desktop/RTOS course/RTOS_workspace/FreeRTOS_Mutex_Bin_Sema/Third_Party/SEGGER/Config" -I"C:/Users/-_Alex_-/Desktop/RTOS course/RTOS_workspace/FreeRTOS_Mutex_Bin_Sema/Third_Party/SEGGER/OS" -I"C:/Users/-_Alex_-/Desktop/RTOS course/RTOS_workspace/FreeRTOS_Mutex_Bin_Sema/Third_Party/SEGGER/SEGGER" -I"C:/Users/-_Alex_-/Desktop/RTOS course/RTOS_workspace/FreeRTOS_Mutex_Bin_Sema/StdPeriph_Driver/inc" -I"C:/Users/-_Alex_-/Desktop/RTOS course/RTOS_workspace/FreeRTOS_Mutex_Bin_Sema/inc" -I"C:/Users/-_Alex_-/Desktop/RTOS course/RTOS_workspace/FreeRTOS_Mutex_Bin_Sema/CMSIS/device" -I"C:/Users/-_Alex_-/Desktop/RTOS course/RTOS_workspace/FreeRTOS_Mutex_Bin_Sema/CMSIS/core" -O0 -g3 -Wall -fmessage-length=0 -ffunction-sections -c -MMD -MP -MF"src/main.d" -MT"src/main.o" -o "src/main.o" "../src/main.c"
Finished building: ../src/main.c
 
Building target: FreeRTOS_Mutex_Bin_Sema.elf
Invoking: MCU GCC Linker
arm-none-eabi-gcc -mcpu=cortex-m4 -mthumb -mfloat-abi=hard -mfpu=fpv4-sp-d16 -T"C:/Users/-_Alex_-/Desktop/RTOS course/RTOS_workspace/FreeRTOS_Mutex_Bin_Sema/LinkerScript.ld" -Wl,-Map=output.map -Wl,--gc-sections -o "FreeRTOS_Mutex_Bin_Sema.elf" @"objects.list"   -lm
Finished building target: FreeRTOS_Mutex_Bin_Sema.elf
 
make --no-print-directory post-build
Generating binary and Printing size information:
arm-none-eabi-objcopy -O binary "FreeRTOS_Mutex_Bin_Sema.elf" "FreeRTOS_Mutex_Bin_Sema.bin"
arm-none-eabi-size "FreeRTOS_Mutex_Bin_Sema.elf"
   text	   data	    bss	    dec	    hex	filename
  21784	   1152	   9660	  32596	   7f54	FreeRTOS_Mutex_Bin_Sema.elf
 

17:08:57 Build Finished (took 6s.370ms)

