19:23:08 **** Incremental Build of configuration Debug for project STM32_FreeRTOS_LED_and_Button ****
make -j4 all 
Building file: ../src/main.c
Building file: ../src/system_stm32f30x.c
Building file: ../Utilities/STM32F3xx_Nucleo/stm32f3xx_nucleo.c
Invoking: MCU GCC Compiler
Invoking: MCU GCC Compiler
Invoking: MCU GCC Compiler
Building file: ../StdPeriph_Driver/src/stm32f30x_adc.c
C:\Users\-_Alex_-\Desktop\RTOS course\RTOS_workspace\STM32_FreeRTOS_LED_and_Button\Debug
C:\Users\-_Alex_-\Desktop\RTOS course\RTOS_workspace\STM32_FreeRTOS_LED_and_Button\Debug
arm-none-eabi-gcc -mcpu=cortex-m4 -mthumb -mfloat-abi=hard -mfpu=fpv4-sp-d16 -DSTM32 -DSTM32F3 -DSTM32F33 -DSTM32F334R8Tx -DNUCLEO_F334R8 -DDEBUG -DSTM32F334x8 -DUSE_STDPERIPH_DRIVER -I"C:/Users/-_Alex_-/Desktop/RTOS course/RTOS_workspace/STM32_FreeRTOS_LED_and_Button/Utilities/STM32F3xx_Nucleo" -I"C:/Users/-_Alex_-/Desktop/RTOS course/RTOS_workspace/STM32_FreeRTOS_LED_and_Button/Config" -I"C:/Users/-_Alex_-/Desktop/RTOS course/RTOS_workspace/STM32_FreeRTOS_LED_and_Button/Third_Party/FreeRTOS/org/Source/portable/GCC/ARM_CM4F" -I"C:/Users/-_Alex_-/Desktop/RTOS course/RTOS_workspace/STM32_FreeRTOS_LED_and_Button/Third_Party/FreeRTOS/org/Source/include" -I"C:/Users/-_Alex_-/Desktop/RTOS course/RTOS_workspace/STM32_FreeRTOS_LED_and_Button/StdPeriph_Driver/inc" -I"C:/Users/-_Alex_-/Desktop/RTOS course/RTOS_workspace/STM32_FreeRTOS_LED_and_Button/inc" -I"C:/Users/-_Alex_-/Desktop/RTOS course/RTOS_workspace/STM32_FreeRTOS_LED_and_Button/CMSIS/device" -I"C:/Users/-_Alex_-/Desktop/RTOS course/RTOS_workspace/STM32_FreeRTOS_LED_and_Button/CMSIS/core" -O0 -g3 -Wall -fmessage-length=0 -ffunction-sections -c -MMD -MP -MF"src/system_stm32f30x.d" -MT"src/system_stm32f30x.o" -o "src/system_stm32f30x.o" "../src/system_stm32f30x.c"
C:\Users\-_Alex_-\Desktop\RTOS course\RTOS_workspace\STM32_FreeRTOS_LED_and_Button\Debug
arm-none-eabi-gcc -mcpu=cortex-m4 -mthumb -mfloat-abi=hard -mfpu=fpv4-sp-d16 -DSTM32 -DSTM32F3 -DSTM32F33 -DSTM32F334R8Tx -DNUCLEO_F334R8 -DDEBUG -DSTM32F334x8 -DUSE_STDPERIPH_DRIVER -I"C:/Users/-_Alex_-/Desktop/RTOS course/RTOS_workspace/STM32_FreeRTOS_LED_and_Button/Utilities/STM32F3xx_Nucleo" -I"C:/Users/-_Alex_-/Desktop/RTOS course/RTOS_workspace/STM32_FreeRTOS_LED_and_Button/Config" -I"C:/Users/-_Alex_-/Desktop/RTOS course/RTOS_workspace/STM32_FreeRTOS_LED_and_Button/Third_Party/FreeRTOS/org/Source/portable/GCC/ARM_CM4F" -I"C:/Users/-_Alex_-/Desktop/RTOS course/RTOS_workspace/STM32_FreeRTOS_LED_and_Button/Third_Party/FreeRTOS/org/Source/include" -I"C:/Users/-_Alex_-/Desktop/RTOS course/RTOS_workspace/STM32_FreeRTOS_LED_and_Button/StdPeriph_Driver/inc" -I"C:/Users/-_Alex_-/Desktop/RTOS course/RTOS_workspace/STM32_FreeRTOS_LED_and_Button/inc" -I"C:/Users/-_Alex_-/Desktop/RTOS course/RTOS_workspace/STM32_FreeRTOS_LED_and_Button/CMSIS/device" -I"C:/Users/-_Alex_-/Desktop/RTOS course/RTOS_workspace/STM32_FreeRTOS_LED_and_Button/CMSIS/core" -O0 -g3 -Wall -fmessage-length=0 -ffunction-sections -c -MMD -MP -MF"src/main.d" -MT"src/main.o" -o "src/main.o" "../src/main.c"
Invoking: MCU GCC Compiler
arm-none-eabi-gcc -mcpu=cortex-m4 -mthumb -mfloat-abi=hard -mfpu=fpv4-sp-d16 -DSTM32 -DSTM32F3 -DSTM32F33 -DSTM32F334R8Tx -DNUCLEO_F334R8 -DDEBUG -DSTM32F334x8 -DUSE_STDPERIPH_DRIVER -I"C:/Users/-_Alex_-/Desktop/RTOS course/RTOS_workspace/STM32_FreeRTOS_LED_and_Button/Utilities/STM32F3xx_Nucleo" -I"C:/Users/-_Alex_-/Desktop/RTOS course/RTOS_workspace/STM32_FreeRTOS_LED_and_Button/Config" -I"C:/Users/-_Alex_-/Desktop/RTOS course/RTOS_workspace/STM32_FreeRTOS_LED_and_Button/Third_Party/FreeRTOS/org/Source/portable/GCC/ARM_CM4F" -I"C:/Users/-_Alex_-/Desktop/RTOS course/RTOS_workspace/STM32_FreeRTOS_LED_and_Button/Third_Party/FreeRTOS/org/Source/include" -I"C:/Users/-_Alex_-/Desktop/RTOS course/RTOS_workspace/STM32_FreeRTOS_LED_and_Button/StdPeriph_Driver/inc" -I"C:/Users/-_Alex_-/Desktop/RTOS course/RTOS_workspace/STM32_FreeRTOS_LED_and_Button/inc" -I"C:/Users/-_Alex_-/Desktop/RTOS course/RTOS_workspace/STM32_FreeRTOS_LED_and_Button/CMSIS/device" -I"C:/Users/-_Alex_-/Desktop/RTOS course/RTOS_workspace/STM32_FreeRTOS_LED_and_Button/CMSIS/core" -O0 -g3 -Wall -fmessage-length=0 -ffunction-sections -c -MMD -MP -MF"Utilities/STM32F3xx_Nucleo/stm32f3xx_nucleo.d" -MT"Utilities/STM32F3xx_Nucleo/stm32f3xx_nucleo.o" -o "Utilities/STM32F3xx_Nucleo/stm32f3xx_nucleo.o" "../Utilities/STM32F3xx_Nucleo/stm32f3xx_nucleo.c"
C:\Users\-_Alex_-\Desktop\RTOS course\RTOS_workspace\STM32_FreeRTOS_LED_and_Button\Debug
arm-none-eabi-gcc -mcpu=cortex-m4 -mthumb -mfloat-abi=hard -mfpu=fpv4-sp-d16 -DSTM32 -DSTM32F3 -DSTM32F33 -DSTM32F334R8Tx -DNUCLEO_F334R8 -DDEBUG -DSTM32F334x8 -DUSE_STDPERIPH_DRIVER -I"C:/Users/-_Alex_-/Desktop/RTOS course/RTOS_workspace/STM32_FreeRTOS_LED_and_Button/Utilities/STM32F3xx_Nucleo" -I"C:/Users/-_Alex_-/Desktop/RTOS course/RTOS_workspace/STM32_FreeRTOS_LED_and_Button/Config" -I"C:/Users/-_Alex_-/Desktop/RTOS course/RTOS_workspace/STM32_FreeRTOS_LED_and_Button/Third_Party/FreeRTOS/org/Source/portable/GCC/ARM_CM4F" -I"C:/Users/-_Alex_-/Desktop/RTOS course/RTOS_workspace/STM32_FreeRTOS_LED_and_Button/Third_Party/FreeRTOS/org/Source/include" -I"C:/Users/-_Alex_-/Desktop/RTOS course/RTOS_workspace/STM32_FreeRTOS_LED_and_Button/StdPeriph_Driver/inc" -I"C:/Users/-_Alex_-/Desktop/RTOS course/RTOS_workspace/STM32_FreeRTOS_LED_and_Button/inc" -I"C:/Users/-_Alex_-/Desktop/RTOS course/RTOS_workspace/STM32_FreeRTOS_LED_and_Button/CMSIS/device" -I"C:/Users/-_Alex_-/Desktop/RTOS course/RTOS_workspace/STM32_FreeRTOS_LED_and_Button/CMSIS/core" -O0 -g3 -Wall -fmessage-length=0 -ffunction-sections -c -MMD -MP -MF"StdPeriph_Driver/src/stm32f30x_adc.d" -MT"StdPeriph_Driver/src/stm32f30x_adc.o" -o "StdPeriph_Driver/src/stm32f30x_adc.o" "../StdPeriph_Driver/src/stm32f30x_adc.c"
Finished building: ../src/system_stm32f30x.c
 
Finished building: ../Utilities/STM32F3xx_Nucleo/stm32f3xx_nucleo.c
Building file: ../StdPeriph_Driver/src/stm32f30x_can.c
Finished building: ../src/main.c
 
Invoking: MCU GCC Compiler
 
C:\Users\-_Alex_-\Desktop\RTOS course\RTOS_workspace\STM32_FreeRTOS_LED_and_Button\Debug
Building file: ../StdPeriph_Driver/src/stm32f30x_comp.c
arm-none-eabi-gcc -mcpu=cortex-m4 -mthumb -mfloat-abi=hard -mfpu=fpv4-sp-d16 -DSTM32 -DSTM32F3 -DSTM32F33 -DSTM32F334R8Tx -DNUCLEO_F334R8 -DDEBUG -DSTM32F334x8 -DUSE_STDPERIPH_DRIVER -I"C:/Users/-_Alex_-/Desktop/RTOS course/RTOS_workspace/STM32_FreeRTOS_LED_and_Button/Utilities/STM32F3xx_Nucleo" -I"C:/Users/-_Alex_-/Desktop/RTOS course/RTOS_workspace/STM32_FreeRTOS_LED_and_Button/Config" -I"C:/Users/-_Alex_-/Desktop/RTOS course/RTOS_workspace/STM32_FreeRTOS_LED_and_Button/Third_Party/FreeRTOS/org/Source/portable/GCC/ARM_CM4F" -I"C:/Users/-_Alex_-/Desktop/RTOS course/RTOS_workspace/STM32_FreeRTOS_LED_and_Button/Third_Party/FreeRTOS/org/Source/include" -I"C:/Users/-_Alex_-/Desktop/RTOS course/RTOS_workspace/STM32_FreeRTOS_LED_and_Button/StdPeriph_Driver/inc" -I"C:/Users/-_Alex_-/Desktop/RTOS course/RTOS_workspace/STM32_FreeRTOS_LED_and_Button/inc" -I"C:/Users/-_Alex_-/Desktop/RTOS course/RTOS_workspace/STM32_FreeRTOS_LED_and_Button/CMSIS/device" -I"C:/Users/-_Alex_-/Desktop/RTOS course/RTOS_workspace/STM32_FreeRTOS_LED_and_Button/CMSIS/core" -O0 -g3 -Wall -fmessage-length=0 -ffunction-sections -c -MMD -MP -MF"StdPeriph_Driver/src/stm32f30x_can.d" -MT"StdPeriph_Driver/src/stm32f30x_can.o" -o "StdPeriph_Driver/src/stm32f30x_can.o" "../StdPeriph_Driver/src/stm32f30x_can.c"
Building file: ../StdPeriph_Driver/src/stm32f30x_crc.c
Invoking: MCU GCC Compiler
Invoking: MCU GCC Compiler
C:\Users\-_Alex_-\Desktop\RTOS course\RTOS_workspace\STM32_FreeRTOS_LED_and_Button\Debug
C:\Users\-_Alex_-\Desktop\RTOS course\RTOS_workspace\STM32_FreeRTOS_LED_and_Button\Debug
arm-none-eabi-gcc -mcpu=cortex-m4 -mthumb -mfloat-abi=hard -mfpu=fpv4-sp-d16 -DSTM32 -DSTM32F3 -DSTM32F33 -DSTM32F334R8Tx -DNUCLEO_F334R8 -DDEBUG -DSTM32F334x8 -DUSE_STDPERIPH_DRIVER -I"C:/Users/-_Alex_-/Desktop/RTOS course/RTOS_workspace/STM32_FreeRTOS_LED_and_Button/Utilities/STM32F3xx_Nucleo" -I"C:/Users/-_Alex_-/Desktop/RTOS course/RTOS_workspace/STM32_FreeRTOS_LED_and_Button/Config" -I"C:/Users/-_Alex_-/Desktop/RTOS course/RTOS_workspace/STM32_FreeRTOS_LED_and_Button/Third_Party/FreeRTOS/org/Source/portable/GCC/ARM_CM4F" -I"C:/Users/-_Alex_-/Desktop/RTOS course/RTOS_workspace/STM32_FreeRTOS_LED_and_Button/Third_Party/FreeRTOS/org/Source/include" -I"C:/Users/-_Alex_-/Desktop/RTOS course/RTOS_workspace/STM32_FreeRTOS_LED_and_Button/StdPeriph_Driver/inc" -I"C:/Users/-_Alex_-/Desktop/RTOS course/RTOS_workspace/STM32_FreeRTOS_LED_and_Button/inc" -I"C:/Users/-_Alex_-/Desktop/RTOS course/RTOS_workspace/STM32_FreeRTOS_LED_and_Button/CMSIS/device" -I"C:/Users/-_Alex_-/Desktop/RTOS course/RTOS_workspace/STM32_FreeRTOS_LED_and_Button/CMSIS/core" -O0 -g3 -Wall -fmessage-length=0 -ffunction-sections -c -MMD -MP -MF"StdPeriph_Driver/src/stm32f30x_crc.d" -MT"StdPeriph_Driver/src/stm32f30x_crc.o" -o "StdPeriph_Driver/src/stm32f30x_crc.o" "../StdPeriph_Driver/src/stm32f30x_crc.c"
arm-none-eabi-gcc -mcpu=cortex-m4 -mthumb -mfloat-abi=hard -mfpu=fpv4-sp-d16 -DSTM32 -DSTM32F3 -DSTM32F33 -DSTM32F334R8Tx -DNUCLEO_F334R8 -DDEBUG -DSTM32F334x8 -DUSE_STDPERIPH_DRIVER -I"C:/Users/-_Alex_-/Desktop/RTOS course/RTOS_workspace/STM32_FreeRTOS_LED_and_Button/Utilities/STM32F3xx_Nucleo" -I"C:/Users/-_Alex_-/Desktop/RTOS course/RTOS_workspace/STM32_FreeRTOS_LED_and_Button/Config" -I"C:/Users/-_Alex_-/Desktop/RTOS course/RTOS_workspace/STM32_FreeRTOS_LED_and_Button/Third_Party/FreeRTOS/org/Source/portable/GCC/ARM_CM4F" -I"C:/Users/-_Alex_-/Desktop/RTOS course/RTOS_workspace/STM32_FreeRTOS_LED_and_Button/Third_Party/FreeRTOS/org/Source/include" -I"C:/Users/-_Alex_-/Desktop/RTOS course/RTOS_workspace/STM32_FreeRTOS_LED_and_Button/StdPeriph_Driver/inc" -I"C:/Users/-_Alex_-/Desktop/RTOS course/RTOS_workspace/STM32_FreeRTOS_LED_and_Button/inc" -I"C:/Users/-_Alex_-/Desktop/RTOS course/RTOS_workspace/STM32_FreeRTOS_LED_and_Button/CMSIS/device" -I"C:/Users/-_Alex_-/Desktop/RTOS course/RTOS_workspace/STM32_FreeRTOS_LED_and_Button/CMSIS/core" -O0 -g3 -Wall -fmessage-length=0 -ffunction-sections -c -MMD -MP -MF"StdPeriph_Driver/src/stm32f30x_comp.d" -MT"StdPeriph_Driver/src/stm32f30x_comp.o" -o "StdPeriph_Driver/src/stm32f30x_comp.o" "../StdPeriph_Driver/src/stm32f30x_comp.c"
Finished building: ../StdPeriph_Driver/src/stm32f30x_adc.c
 
Building file: ../StdPeriph_Driver/src/stm32f30x_dac.c
Invoking: MCU GCC Compiler
C:\Users\-_Alex_-\Desktop\RTOS course\RTOS_workspace\STM32_FreeRTOS_LED_and_Button\Debug
arm-none-eabi-gcc -mcpu=cortex-m4 -mthumb -mfloat-abi=hard -mfpu=fpv4-sp-d16 -DSTM32 -DSTM32F3 -DSTM32F33 -DSTM32F334R8Tx -DNUCLEO_F334R8 -DDEBUG -DSTM32F334x8 -DUSE_STDPERIPH_DRIVER -I"C:/Users/-_Alex_-/Desktop/RTOS course/RTOS_workspace/STM32_FreeRTOS_LED_and_Button/Utilities/STM32F3xx_Nucleo" -I"C:/Users/-_Alex_-/Desktop/RTOS course/RTOS_workspace/STM32_FreeRTOS_LED_and_Button/Config" -I"C:/Users/-_Alex_-/Desktop/RTOS course/RTOS_workspace/STM32_FreeRTOS_LED_and_Button/Third_Party/FreeRTOS/org/Source/portable/GCC/ARM_CM4F" -I"C:/Users/-_Alex_-/Desktop/RTOS course/RTOS_workspace/STM32_FreeRTOS_LED_and_Button/Third_Party/FreeRTOS/org/Source/include" -I"C:/Users/-_Alex_-/Desktop/RTOS course/RTOS_workspace/STM32_FreeRTOS_LED_and_Button/StdPeriph_Driver/inc" -I"C:/Users/-_Alex_-/Desktop/RTOS course/RTOS_workspace/STM32_FreeRTOS_LED_and_Button/inc" -I"C:/Users/-_Alex_-/Desktop/RTOS course/RTOS_workspace/STM32_FreeRTOS_LED_and_Button/CMSIS/device" -I"C:/Users/-_Alex_-/Desktop/RTOS course/RTOS_workspace/STM32_FreeRTOS_LED_and_Button/CMSIS/core" -O0 -g3 -Wall -fmessage-length=0 -ffunction-sections -c -MMD -MP -MF"StdPeriph_Driver/src/stm32f30x_dac.d" -MT"StdPeriph_Driver/src/stm32f30x_dac.o" -o "StdPeriph_Driver/src/stm32f30x_dac.o" "../StdPeriph_Driver/src/stm32f30x_dac.c"
Finished building: ../StdPeriph_Driver/src/stm32f30x_crc.c
Finished building: ../StdPeriph_Driver/src/stm32f30x_comp.c
 
 
Building file: ../StdPeriph_Driver/src/stm32f30x_dbgmcu.c
Building file: ../StdPeriph_Driver/src/stm32f30x_dma.c
Finished building: ../StdPeriph_Driver/src/stm32f30x_can.c
Invoking: MCU GCC Compiler
Invoking: MCU GCC Compiler
 
C:\Users\-_Alex_-\Desktop\RTOS course\RTOS_workspace\STM32_FreeRTOS_LED_and_Button\Debug
arm-none-eabi-gcc -mcpu=cortex-m4 -mthumb -mfloat-abi=hard -mfpu=fpv4-sp-d16 -DSTM32 -DSTM32F3 -DSTM32F33 -DSTM32F334R8Tx -DNUCLEO_F334R8 -DDEBUG -DSTM32F334x8 -DUSE_STDPERIPH_DRIVER -I"C:/Users/-_Alex_-/Desktop/RTOS course/RTOS_workspace/STM32_FreeRTOS_LED_and_Button/Utilities/STM32F3xx_Nucleo" -I"C:/Users/-_Alex_-/Desktop/RTOS course/RTOS_workspace/STM32_FreeRTOS_LED_and_Button/Config" -I"C:/Users/-_Alex_-/Desktop/RTOS course/RTOS_workspace/STM32_FreeRTOS_LED_and_Button/Third_Party/FreeRTOS/org/Source/portable/GCC/ARM_CM4F" -I"C:/Users/-_Alex_-/Desktop/RTOS course/RTOS_workspace/STM32_FreeRTOS_LED_and_Button/Third_Party/FreeRTOS/org/Source/include" -I"C:/Users/-_Alex_-/Desktop/RTOS course/RTOS_workspace/STM32_FreeRTOS_LED_and_Button/StdPeriph_Driver/inc" -I"C:/Users/-_Alex_-/Desktop/RTOS course/RTOS_workspace/STM32_FreeRTOS_LED_and_Button/inc" -I"C:/Users/-_Alex_-/Desktop/RTOS course/RTOS_workspace/STM32_FreeRTOS_LED_and_Button/CMSIS/device" -I"C:/Users/-_Alex_-/Desktop/RTOS course/RTOS_workspace/STM32_FreeRTOS_LED_and_Button/CMSIS/core" -O0 -g3 -Wall -fmessage-length=0 -ffunction-sections -c -MMD -MP -MF"StdPeriph_Driver/src/stm32f30x_dbgmcu.d" -MT"StdPeriph_Driver/src/stm32f30x_dbgmcu.o" -o "StdPeriph_Driver/src/stm32f30x_dbgmcu.o" "../StdPeriph_Driver/src/stm32f30x_dbgmcu.c"
Building file: ../StdPeriph_Driver/src/stm32f30x_exti.c
C:\Users\-_Alex_-\Desktop\RTOS course\RTOS_workspace\STM32_FreeRTOS_LED_and_Button\Debug
arm-none-eabi-gcc -mcpu=cortex-m4 -mthumb -mfloat-abi=hard -mfpu=fpv4-sp-d16 -DSTM32 -DSTM32F3 -DSTM32F33 -DSTM32F334R8Tx -DNUCLEO_F334R8 -DDEBUG -DSTM32F334x8 -DUSE_STDPERIPH_DRIVER -I"C:/Users/-_Alex_-/Desktop/RTOS course/RTOS_workspace/STM32_FreeRTOS_LED_and_Button/Utilities/STM32F3xx_Nucleo" -I"C:/Users/-_Alex_-/Desktop/RTOS course/RTOS_workspace/STM32_FreeRTOS_LED_and_Button/Config" -I"C:/Users/-_Alex_-/Desktop/RTOS course/RTOS_workspace/STM32_FreeRTOS_LED_and_Button/Third_Party/FreeRTOS/org/Source/portable/GCC/ARM_CM4F" -I"C:/Users/-_Alex_-/Desktop/RTOS course/RTOS_workspace/STM32_FreeRTOS_LED_and_Button/Third_Party/FreeRTOS/org/Source/include" -I"C:/Users/-_Alex_-/Desktop/RTOS course/RTOS_workspace/STM32_FreeRTOS_LED_and_Button/StdPeriph_Driver/inc" -I"C:/Users/-_Alex_-/Desktop/RTOS course/RTOS_workspace/STM32_FreeRTOS_LED_and_Button/inc" -I"C:/Users/-_Alex_-/Desktop/RTOS course/RTOS_workspace/STM32_FreeRTOS_LED_and_Button/CMSIS/device" -I"C:/Users/-_Alex_-/Desktop/RTOS course/RTOS_workspace/STM32_FreeRTOS_LED_and_Button/CMSIS/core" -O0 -g3 -Wall -fmessage-length=0 -ffunction-sections -c -MMD -MP -MF"StdPeriph_Driver/src/stm32f30x_dma.d" -MT"StdPeriph_Driver/src/stm32f30x_dma.o" -o "StdPeriph_Driver/src/stm32f30x_dma.o" "../StdPeriph_Driver/src/stm32f30x_dma.c"
Invoking: MCU GCC Compiler
C:\Users\-_Alex_-\Desktop\RTOS course\RTOS_workspace\STM32_FreeRTOS_LED_and_Button\Debug
arm-none-eabi-gcc -mcpu=cortex-m4 -mthumb -mfloat-abi=hard -mfpu=fpv4-sp-d16 -DSTM32 -DSTM32F3 -DSTM32F33 -DSTM32F334R8Tx -DNUCLEO_F334R8 -DDEBUG -DSTM32F334x8 -DUSE_STDPERIPH_DRIVER -I"C:/Users/-_Alex_-/Desktop/RTOS course/RTOS_workspace/STM32_FreeRTOS_LED_and_Button/Utilities/STM32F3xx_Nucleo" -I"C:/Users/-_Alex_-/Desktop/RTOS course/RTOS_workspace/STM32_FreeRTOS_LED_and_Button/Config" -I"C:/Users/-_Alex_-/Desktop/RTOS course/RTOS_workspace/STM32_FreeRTOS_LED_and_Button/Third_Party/FreeRTOS/org/Source/portable/GCC/ARM_CM4F" -I"C:/Users/-_Alex_-/Desktop/RTOS course/RTOS_workspace/STM32_FreeRTOS_LED_and_Button/Third_Party/FreeRTOS/org/Source/include" -I"C:/Users/-_Alex_-/Desktop/RTOS course/RTOS_workspace/STM32_FreeRTOS_LED_and_Button/StdPeriph_Driver/inc" -I"C:/Users/-_Alex_-/Desktop/RTOS course/RTOS_workspace/STM32_FreeRTOS_LED_and_Button/inc" -I"C:/Users/-_Alex_-/Desktop/RTOS course/RTOS_workspace/STM32_FreeRTOS_LED_and_Button/CMSIS/device" -I"C:/Users/-_Alex_-/Desktop/RTOS course/RTOS_workspace/STM32_FreeRTOS_LED_and_Button/CMSIS/core" -O0 -g3 -Wall -fmessage-length=0 -ffunction-sections -c -MMD -MP -MF"StdPeriph_Driver/src/stm32f30x_exti.d" -MT"StdPeriph_Driver/src/stm32f30x_exti.o" -o "StdPeriph_Driver/src/stm32f30x_exti.o" "../StdPeriph_Driver/src/stm32f30x_exti.c"
Finished building: ../StdPeriph_Driver/src/stm32f30x_dac.c
 
Building file: ../StdPeriph_Driver/src/stm32f30x_flash.c
Invoking: MCU GCC Compiler
C:\Users\-_Alex_-\Desktop\RTOS course\RTOS_workspace\STM32_FreeRTOS_LED_and_Button\Debug
arm-none-eabi-gcc -mcpu=cortex-m4 -mthumb -mfloat-abi=hard -mfpu=fpv4-sp-d16 -DSTM32 -DSTM32F3 -DSTM32F33 -DSTM32F334R8Tx -DNUCLEO_F334R8 -DDEBUG -DSTM32F334x8 -DUSE_STDPERIPH_DRIVER -I"C:/Users/-_Alex_-/Desktop/RTOS course/RTOS_workspace/STM32_FreeRTOS_LED_and_Button/Utilities/STM32F3xx_Nucleo" -I"C:/Users/-_Alex_-/Desktop/RTOS course/RTOS_workspace/STM32_FreeRTOS_LED_and_Button/Config" -I"C:/Users/-_Alex_-/Desktop/RTOS course/RTOS_workspace/STM32_FreeRTOS_LED_and_Button/Third_Party/FreeRTOS/org/Source/portable/GCC/ARM_CM4F" -I"C:/Users/-_Alex_-/Desktop/RTOS course/RTOS_workspace/STM32_FreeRTOS_LED_and_Button/Third_Party/FreeRTOS/org/Source/include" -I"C:/Users/-_Alex_-/Desktop/RTOS course/RTOS_workspace/STM32_FreeRTOS_LED_and_Button/StdPeriph_Driver/inc" -I"C:/Users/-_Alex_-/Desktop/RTOS course/RTOS_workspace/STM32_FreeRTOS_LED_and_Button/inc" -I"C:/Users/-_Alex_-/Desktop/RTOS course/RTOS_workspace/STM32_FreeRTOS_LED_and_Button/CMSIS/device" -I"C:/Users/-_Alex_-/Desktop/RTOS course/RTOS_workspace/STM32_FreeRTOS_LED_and_Button/CMSIS/core" -O0 -g3 -Wall -fmessage-length=0 -ffunction-sections -c -MMD -MP -MF"StdPeriph_Driver/src/stm32f30x_flash.d" -MT"StdPeriph_Driver/src/stm32f30x_flash.o" -o "StdPeriph_Driver/src/stm32f30x_flash.o" "../StdPeriph_Driver/src/stm32f30x_flash.c"
Finished building: ../StdPeriph_Driver/src/stm32f30x_dbgmcu.c
 
Building file: ../StdPeriph_Driver/src/stm32f30x_gpio.c
Finished building: ../StdPeriph_Driver/src/stm32f30x_dma.c
Finished building: ../StdPeriph_Driver/src/stm32f30x_exti.c
Invoking: MCU GCC Compiler
 
 
C:\Users\-_Alex_-\Desktop\RTOS course\RTOS_workspace\STM32_FreeRTOS_LED_and_Button\Debug
Building file: ../StdPeriph_Driver/src/stm32f30x_hrtim.c
arm-none-eabi-gcc -mcpu=cortex-m4 -mthumb -mfloat-abi=hard -mfpu=fpv4-sp-d16 -DSTM32 -DSTM32F3 -DSTM32F33 -DSTM32F334R8Tx -DNUCLEO_F334R8 -DDEBUG -DSTM32F334x8 -DUSE_STDPERIPH_DRIVER -I"C:/Users/-_Alex_-/Desktop/RTOS course/RTOS_workspace/STM32_FreeRTOS_LED_and_Button/Utilities/STM32F3xx_Nucleo" -I"C:/Users/-_Alex_-/Desktop/RTOS course/RTOS_workspace/STM32_FreeRTOS_LED_and_Button/Config" -I"C:/Users/-_Alex_-/Desktop/RTOS course/RTOS_workspace/STM32_FreeRTOS_LED_and_Button/Third_Party/FreeRTOS/org/Source/portable/GCC/ARM_CM4F" -I"C:/Users/-_Alex_-/Desktop/RTOS course/RTOS_workspace/STM32_FreeRTOS_LED_and_Button/Third_Party/FreeRTOS/org/Source/include" -I"C:/Users/-_Alex_-/Desktop/RTOS course/RTOS_workspace/STM32_FreeRTOS_LED_and_Button/StdPeriph_Driver/inc" -I"C:/Users/-_Alex_-/Desktop/RTOS course/RTOS_workspace/STM32_FreeRTOS_LED_and_Button/inc" -I"C:/Users/-_Alex_-/Desktop/RTOS course/RTOS_workspace/STM32_FreeRTOS_LED_and_Button/CMSIS/device" -I"C:/Users/-_Alex_-/Desktop/RTOS course/RTOS_workspace/STM32_FreeRTOS_LED_and_Button/CMSIS/core" -O0 -g3 -Wall -fmessage-length=0 -ffunction-sections -c -MMD -MP -MF"StdPeriph_Driver/src/stm32f30x_gpio.d" -MT"StdPeriph_Driver/src/stm32f30x_gpio.o" -o "StdPeriph_Driver/src/stm32f30x_gpio.o" "../StdPeriph_Driver/src/stm32f30x_gpio.c"
Building file: ../StdPeriph_Driver/src/stm32f30x_i2c.c
Invoking: MCU GCC Compiler
Invoking: MCU GCC Compiler
C:\Users\-_Alex_-\Desktop\RTOS course\RTOS_workspace\STM32_FreeRTOS_LED_and_Button\Debug
arm-none-eabi-gcc -mcpu=cortex-m4 -mthumb -mfloat-abi=hard -mfpu=fpv4-sp-d16 -DSTM32 -DSTM32F3 -DSTM32F33 -DSTM32F334R8Tx -DNUCLEO_F334R8 -DDEBUG -DSTM32F334x8 -DUSE_STDPERIPH_DRIVER -I"C:/Users/-_Alex_-/Desktop/RTOS course/RTOS_workspace/STM32_FreeRTOS_LED_and_Button/Utilities/STM32F3xx_Nucleo" -I"C:/Users/-_Alex_-/Desktop/RTOS course/RTOS_workspace/STM32_FreeRTOS_LED_and_Button/Config" -I"C:/Users/-_Alex_-/Desktop/RTOS course/RTOS_workspace/STM32_FreeRTOS_LED_and_Button/Third_Party/FreeRTOS/org/Source/portable/GCC/ARM_CM4F" -I"C:/Users/-_Alex_-/Desktop/RTOS course/RTOS_workspace/STM32_FreeRTOS_LED_and_Button/Third_Party/FreeRTOS/org/Source/include" -I"C:/Users/-_Alex_-/Desktop/RTOS course/RTOS_workspace/STM32_FreeRTOS_LED_and_Button/StdPeriph_Driver/inc" -I"C:/Users/-_Alex_-/Desktop/RTOS course/RTOS_workspace/STM32_FreeRTOS_LED_and_Button/inc" -I"C:/Users/-_Alex_-/Desktop/RTOS course/RTOS_workspace/STM32_FreeRTOS_LED_and_Button/CMSIS/device" -I"C:/Users/-_Alex_-/Desktop/RTOS course/RTOS_workspace/STM32_FreeRTOS_LED_and_Button/CMSIS/core" -O0 -g3 -Wall -fmessage-length=0 -ffunction-sections -c -MMD -MP -MF"StdPeriph_Driver/src/stm32f30x_hrtim.d" -MT"StdPeriph_Driver/src/stm32f30x_hrtim.o" -o "StdPeriph_Driver/src/stm32f30x_hrtim.o" "../StdPeriph_Driver/src/stm32f30x_hrtim.c"
C:\Users\-_Alex_-\Desktop\RTOS course\RTOS_workspace\STM32_FreeRTOS_LED_and_Button\Debug
arm-none-eabi-gcc -mcpu=cortex-m4 -mthumb -mfloat-abi=hard -mfpu=fpv4-sp-d16 -DSTM32 -DSTM32F3 -DSTM32F33 -DSTM32F334R8Tx -DNUCLEO_F334R8 -DDEBUG -DSTM32F334x8 -DUSE_STDPERIPH_DRIVER -I"C:/Users/-_Alex_-/Desktop/RTOS course/RTOS_workspace/STM32_FreeRTOS_LED_and_Button/Utilities/STM32F3xx_Nucleo" -I"C:/Users/-_Alex_-/Desktop/RTOS course/RTOS_workspace/STM32_FreeRTOS_LED_and_Button/Config" -I"C:/Users/-_Alex_-/Desktop/RTOS course/RTOS_workspace/STM32_FreeRTOS_LED_and_Button/Third_Party/FreeRTOS/org/Source/portable/GCC/ARM_CM4F" -I"C:/Users/-_Alex_-/Desktop/RTOS course/RTOS_workspace/STM32_FreeRTOS_LED_and_Button/Third_Party/FreeRTOS/org/Source/include" -I"C:/Users/-_Alex_-/Desktop/RTOS course/RTOS_workspace/STM32_FreeRTOS_LED_and_Button/StdPeriph_Driver/inc" -I"C:/Users/-_Alex_-/Desktop/RTOS course/RTOS_workspace/STM32_FreeRTOS_LED_and_Button/inc" -I"C:/Users/-_Alex_-/Desktop/RTOS course/RTOS_workspace/STM32_FreeRTOS_LED_and_Button/CMSIS/device" -I"C:/Users/-_Alex_-/Desktop/RTOS course/RTOS_workspace/STM32_FreeRTOS_LED_and_Button/CMSIS/core" -O0 -g3 -Wall -fmessage-length=0 -ffunction-sections -c -MMD -MP -MF"StdPeriph_Driver/src/stm32f30x_i2c.d" -MT"StdPeriph_Driver/src/stm32f30x_i2c.o" -o "StdPeriph_Driver/src/stm32f30x_i2c.o" "../StdPeriph_Driver/src/stm32f30x_i2c.c"
Finished building: ../StdPeriph_Driver/src/stm32f30x_flash.c
 
Building file: ../StdPeriph_Driver/src/stm32f30x_iwdg.c
Invoking: MCU GCC Compiler
C:\Users\-_Alex_-\Desktop\RTOS course\RTOS_workspace\STM32_FreeRTOS_LED_and_Button\Debug
arm-none-eabi-gcc -mcpu=cortex-m4 -mthumb -mfloat-abi=hard -mfpu=fpv4-sp-d16 -DSTM32 -DSTM32F3 -DSTM32F33 -DSTM32F334R8Tx -DNUCLEO_F334R8 -DDEBUG -DSTM32F334x8 -DUSE_STDPERIPH_DRIVER -I"C:/Users/-_Alex_-/Desktop/RTOS course/RTOS_workspace/STM32_FreeRTOS_LED_and_Button/Utilities/STM32F3xx_Nucleo" -I"C:/Users/-_Alex_-/Desktop/RTOS course/RTOS_workspace/STM32_FreeRTOS_LED_and_Button/Config" -I"C:/Users/-_Alex_-/Desktop/RTOS course/RTOS_workspace/STM32_FreeRTOS_LED_and_Button/Third_Party/FreeRTOS/org/Source/portable/GCC/ARM_CM4F" -I"C:/Users/-_Alex_-/Desktop/RTOS course/RTOS_workspace/STM32_FreeRTOS_LED_and_Button/Third_Party/FreeRTOS/org/Source/include" -I"C:/Users/-_Alex_-/Desktop/RTOS course/RTOS_workspace/STM32_FreeRTOS_LED_and_Button/StdPeriph_Driver/inc" -I"C:/Users/-_Alex_-/Desktop/RTOS course/RTOS_workspace/STM32_FreeRTOS_LED_and_Button/inc" -I"C:/Users/-_Alex_-/Desktop/RTOS course/RTOS_workspace/STM32_FreeRTOS_LED_and_Button/CMSIS/device" -I"C:/Users/-_Alex_-/Desktop/RTOS course/RTOS_workspace/STM32_FreeRTOS_LED_and_Button/CMSIS/core" -O0 -g3 -Wall -fmessage-length=0 -ffunction-sections -c -MMD -MP -MF"StdPeriph_Driver/src/stm32f30x_iwdg.d" -MT"StdPeriph_Driver/src/stm32f30x_iwdg.o" -o "StdPeriph_Driver/src/stm32f30x_iwdg.o" "../StdPeriph_Driver/src/stm32f30x_iwdg.c"
Finished building: ../StdPeriph_Driver/src/stm32f30x_gpio.c
 
Building file: ../StdPeriph_Driver/src/stm32f30x_misc.c
Invoking: MCU GCC Compiler
Finished building: ../StdPeriph_Driver/src/stm32f30x_i2c.c
C:\Users\-_Alex_-\Desktop\RTOS course\RTOS_workspace\STM32_FreeRTOS_LED_and_Button\Debug
arm-none-eabi-gcc -mcpu=cortex-m4 -mthumb -mfloat-abi=hard -mfpu=fpv4-sp-d16 -DSTM32 -DSTM32F3 -DSTM32F33 -DSTM32F334R8Tx -DNUCLEO_F334R8 -DDEBUG -DSTM32F334x8 -DUSE_STDPERIPH_DRIVER -I"C:/Users/-_Alex_-/Desktop/RTOS course/RTOS_workspace/STM32_FreeRTOS_LED_and_Button/Utilities/STM32F3xx_Nucleo" -I"C:/Users/-_Alex_-/Desktop/RTOS course/RTOS_workspace/STM32_FreeRTOS_LED_and_Button/Config" -I"C:/Users/-_Alex_-/Desktop/RTOS course/RTOS_workspace/STM32_FreeRTOS_LED_and_Button/Third_Party/FreeRTOS/org/Source/portable/GCC/ARM_CM4F" -I"C:/Users/-_Alex_-/Desktop/RTOS course/RTOS_workspace/STM32_FreeRTOS_LED_and_Button/Third_Party/FreeRTOS/org/Source/include" -I"C:/Users/-_Alex_-/Desktop/RTOS course/RTOS_workspace/STM32_FreeRTOS_LED_and_Button/StdPeriph_Driver/inc" -I"C:/Users/-_Alex_-/Desktop/RTOS course/RTOS_workspace/STM32_FreeRTOS_LED_and_Button/inc" -I"C:/Users/-_Alex_-/Desktop/RTOS course/RTOS_workspace/STM32_FreeRTOS_LED_and_Button/CMSIS/device" -I"C:/Users/-_Alex_-/Desktop/RTOS course/RTOS_workspace/STM32_FreeRTOS_LED_and_Button/CMSIS/core" -O0 -g3 -Wall -fmessage-length=0 -ffunction-sections -c -MMD -MP -MF"StdPeriph_Driver/src/stm32f30x_misc.d" -MT"StdPeriph_Driver/src/stm32f30x_misc.o" -o "StdPeriph_Driver/src/stm32f30x_misc.o" "../StdPeriph_Driver/src/stm32f30x_misc.c"
 
Building file: ../StdPeriph_Driver/src/stm32f30x_opamp.c
Invoking: MCU GCC Compiler
C:\Users\-_Alex_-\Desktop\RTOS course\RTOS_workspace\STM32_FreeRTOS_LED_and_Button\Debug
arm-none-eabi-gcc -mcpu=cortex-m4 -mthumb -mfloat-abi=hard -mfpu=fpv4-sp-d16 -DSTM32 -DSTM32F3 -DSTM32F33 -DSTM32F334R8Tx -DNUCLEO_F334R8 -DDEBUG -DSTM32F334x8 -DUSE_STDPERIPH_DRIVER -I"C:/Users/-_Alex_-/Desktop/RTOS course/RTOS_workspace/STM32_FreeRTOS_LED_and_Button/Utilities/STM32F3xx_Nucleo" -I"C:/Users/-_Alex_-/Desktop/RTOS course/RTOS_workspace/STM32_FreeRTOS_LED_and_Button/Config" -I"C:/Users/-_Alex_-/Desktop/RTOS course/RTOS_workspace/STM32_FreeRTOS_LED_and_Button/Third_Party/FreeRTOS/org/Source/portable/GCC/ARM_CM4F" -I"C:/Users/-_Alex_-/Desktop/RTOS course/RTOS_workspace/STM32_FreeRTOS_LED_and_Button/Third_Party/FreeRTOS/org/Source/include" -I"C:/Users/-_Alex_-/Desktop/RTOS course/RTOS_workspace/STM32_FreeRTOS_LED_and_Button/StdPeriph_Driver/inc" -I"C:/Users/-_Alex_-/Desktop/RTOS course/RTOS_workspace/STM32_FreeRTOS_LED_and_Button/inc" -I"C:/Users/-_Alex_-/Desktop/RTOS course/RTOS_workspace/STM32_FreeRTOS_LED_and_Button/CMSIS/device" -I"C:/Users/-_Alex_-/Desktop/RTOS course/RTOS_workspace/STM32_FreeRTOS_LED_and_Button/CMSIS/core" -O0 -g3 -Wall -fmessage-length=0 -ffunction-sections -c -MMD -MP -MF"StdPeriph_Driver/src/stm32f30x_opamp.d" -MT"StdPeriph_Driver/src/stm32f30x_opamp.o" -o "StdPeriph_Driver/src/stm32f30x_opamp.o" "../StdPeriph_Driver/src/stm32f30x_opamp.c"
Finished building: ../StdPeriph_Driver/src/stm32f30x_hrtim.c
 
Building file: ../StdPeriph_Driver/src/stm32f30x_pwr.c
Invoking: MCU GCC Compiler
C:\Users\-_Alex_-\Desktop\RTOS course\RTOS_workspace\STM32_FreeRTOS_LED_and_Button\Debug
arm-none-eabi-gcc -mcpu=cortex-m4 -mthumb -mfloat-abi=hard -mfpu=fpv4-sp-d16 -DSTM32 -DSTM32F3 -DSTM32F33 -DSTM32F334R8Tx -DNUCLEO_F334R8 -DDEBUG -DSTM32F334x8 -DUSE_STDPERIPH_DRIVER -I"C:/Users/-_Alex_-/Desktop/RTOS course/RTOS_workspace/STM32_FreeRTOS_LED_and_Button/Utilities/STM32F3xx_Nucleo" -I"C:/Users/-_Alex_-/Desktop/RTOS course/RTOS_workspace/STM32_FreeRTOS_LED_and_Button/Config" -I"C:/Users/-_Alex_-/Desktop/RTOS course/RTOS_workspace/STM32_FreeRTOS_LED_and_Button/Third_Party/FreeRTOS/org/Source/portable/GCC/ARM_CM4F" -I"C:/Users/-_Alex_-/Desktop/RTOS course/RTOS_workspace/STM32_FreeRTOS_LED_and_Button/Third_Party/FreeRTOS/org/Source/include" -I"C:/Users/-_Alex_-/Desktop/RTOS course/RTOS_workspace/STM32_FreeRTOS_LED_and_Button/StdPeriph_Driver/inc" -I"C:/Users/-_Alex_-/Desktop/RTOS course/RTOS_workspace/STM32_FreeRTOS_LED_and_Button/inc" -I"C:/Users/-_Alex_-/Desktop/RTOS course/RTOS_workspace/STM32_FreeRTOS_LED_and_Button/CMSIS/device" -I"C:/Users/-_Alex_-/Desktop/RTOS course/RTOS_workspace/STM32_FreeRTOS_LED_and_Button/CMSIS/core" -O0 -g3 -Wall -fmessage-length=0 -ffunction-sections -c -MMD -MP -MF"StdPeriph_Driver/src/stm32f30x_pwr.d" -MT"StdPeriph_Driver/src/stm32f30x_pwr.o" -o "StdPeriph_Driver/src/stm32f30x_pwr.o" "../StdPeriph_Driver/src/stm32f30x_pwr.c"
Finished building: ../StdPeriph_Driver/src/stm32f30x_iwdg.c
 
Building file: ../StdPeriph_Driver/src/stm32f30x_rcc.c
Invoking: MCU GCC Compiler
C:\Users\-_Alex_-\Desktop\RTOS course\RTOS_workspace\STM32_FreeRTOS_LED_and_Button\Debug
arm-none-eabi-gcc -mcpu=cortex-m4 -mthumb -mfloat-abi=hard -mfpu=fpv4-sp-d16 -DSTM32 -DSTM32F3 -DSTM32F33 -DSTM32F334R8Tx -DNUCLEO_F334R8 -DDEBUG -DSTM32F334x8 -DUSE_STDPERIPH_DRIVER -I"C:/Users/-_Alex_-/Desktop/RTOS course/RTOS_workspace/STM32_FreeRTOS_LED_and_Button/Utilities/STM32F3xx_Nucleo" -I"C:/Users/-_Alex_-/Desktop/RTOS course/RTOS_workspace/STM32_FreeRTOS_LED_and_Button/Config" -I"C:/Users/-_Alex_-/Desktop/RTOS course/RTOS_workspace/STM32_FreeRTOS_LED_and_Button/Third_Party/FreeRTOS/org/Source/portable/GCC/ARM_CM4F" -I"C:/Users/-_Alex_-/Desktop/RTOS course/RTOS_workspace/STM32_FreeRTOS_LED_and_Button/Third_Party/FreeRTOS/org/Source/include" -I"C:/Users/-_Alex_-/Desktop/RTOS course/RTOS_workspace/STM32_FreeRTOS_LED_and_Button/StdPeriph_Driver/inc" -I"C:/Users/-_Alex_-/Desktop/RTOS course/RTOS_workspace/STM32_FreeRTOS_LED_and_Button/inc" -I"C:/Users/-_Alex_-/Desktop/RTOS course/RTOS_workspace/STM32_FreeRTOS_LED_and_Button/CMSIS/device" -I"C:/Users/-_Alex_-/Desktop/RTOS course/RTOS_workspace/STM32_FreeRTOS_LED_and_Button/CMSIS/core" -O0 -g3 -Wall -fmessage-length=0 -ffunction-sections -c -MMD -MP -MF"StdPeriph_Driver/src/stm32f30x_rcc.d" -MT"StdPeriph_Driver/src/stm32f30x_rcc.o" -o "StdPeriph_Driver/src/stm32f30x_rcc.o" "../StdPeriph_Driver/src/stm32f30x_rcc.c"
Finished building: ../StdPeriph_Driver/src/stm32f30x_misc.c
 
Building file: ../StdPeriph_Driver/src/stm32f30x_rtc.c
Invoking: MCU GCC Compiler
C:\Users\-_Alex_-\Desktop\RTOS course\RTOS_workspace\STM32_FreeRTOS_LED_and_Button\Debug
arm-none-eabi-gcc -mcpu=cortex-m4 -mthumb -mfloat-abi=hard -mfpu=fpv4-sp-d16 -DSTM32 -DSTM32F3 -DSTM32F33 -DSTM32F334R8Tx -DNUCLEO_F334R8 -DDEBUG -DSTM32F334x8 -DUSE_STDPERIPH_DRIVER -I"C:/Users/-_Alex_-/Desktop/RTOS course/RTOS_workspace/STM32_FreeRTOS_LED_and_Button/Utilities/STM32F3xx_Nucleo" -I"C:/Users/-_Alex_-/Desktop/RTOS course/RTOS_workspace/STM32_FreeRTOS_LED_and_Button/Config" -I"C:/Users/-_Alex_-/Desktop/RTOS course/RTOS_workspace/STM32_FreeRTOS_LED_and_Button/Third_Party/FreeRTOS/org/Source/portable/GCC/ARM_CM4F" -I"C:/Users/-_Alex_-/Desktop/RTOS course/RTOS_workspace/STM32_FreeRTOS_LED_and_Button/Third_Party/FreeRTOS/org/Source/include" -I"C:/Users/-_Alex_-/Desktop/RTOS course/RTOS_workspace/STM32_FreeRTOS_LED_and_Button/StdPeriph_Driver/inc" -I"C:/Users/-_Alex_-/Desktop/RTOS course/RTOS_workspace/STM32_FreeRTOS_LED_and_Button/inc" -I"C:/Users/-_Alex_-/Desktop/RTOS course/RTOS_workspace/STM32_FreeRTOS_LED_and_Button/CMSIS/device" -I"C:/Users/-_Alex_-/Desktop/RTOS course/RTOS_workspace/STM32_FreeRTOS_LED_and_Button/CMSIS/core" -O0 -g3 -Wall -fmessage-length=0 -ffunction-sections -c -MMD -MP -MF"StdPeriph_Driver/src/stm32f30x_rtc.d" -MT"StdPeriph_Driver/src/stm32f30x_rtc.o" -o "StdPeriph_Driver/src/stm32f30x_rtc.o" "../StdPeriph_Driver/src/stm32f30x_rtc.c"
Finished building: ../StdPeriph_Driver/src/stm32f30x_opamp.c
 
Building file: ../StdPeriph_Driver/src/stm32f30x_spi.c
Invoking: MCU GCC Compiler
Finished building: ../StdPeriph_Driver/src/stm32f30x_pwr.c
C:\Users\-_Alex_-\Desktop\RTOS course\RTOS_workspace\STM32_FreeRTOS_LED_and_Button\Debug
arm-none-eabi-gcc -mcpu=cortex-m4 -mthumb -mfloat-abi=hard -mfpu=fpv4-sp-d16 -DSTM32 -DSTM32F3 -DSTM32F33 -DSTM32F334R8Tx -DNUCLEO_F334R8 -DDEBUG -DSTM32F334x8 -DUSE_STDPERIPH_DRIVER -I"C:/Users/-_Alex_-/Desktop/RTOS course/RTOS_workspace/STM32_FreeRTOS_LED_and_Button/Utilities/STM32F3xx_Nucleo" -I"C:/Users/-_Alex_-/Desktop/RTOS course/RTOS_workspace/STM32_FreeRTOS_LED_and_Button/Config" -I"C:/Users/-_Alex_-/Desktop/RTOS course/RTOS_workspace/STM32_FreeRTOS_LED_and_Button/Third_Party/FreeRTOS/org/Source/portable/GCC/ARM_CM4F" -I"C:/Users/-_Alex_-/Desktop/RTOS course/RTOS_workspace/STM32_FreeRTOS_LED_and_Button/Third_Party/FreeRTOS/org/Source/include" -I"C:/Users/-_Alex_-/Desktop/RTOS course/RTOS_workspace/STM32_FreeRTOS_LED_and_Button/StdPeriph_Driver/inc" -I"C:/Users/-_Alex_-/Desktop/RTOS course/RTOS_workspace/STM32_FreeRTOS_LED_and_Button/inc" -I"C:/Users/-_Alex_-/Desktop/RTOS course/RTOS_workspace/STM32_FreeRTOS_LED_and_Button/CMSIS/device" -I"C:/Users/-_Alex_-/Desktop/RTOS course/RTOS_workspace/STM32_FreeRTOS_LED_and_Button/CMSIS/core" -O0 -g3 -Wall -fmessage-length=0 -ffunction-sections -c -MMD -MP -MF"StdPeriph_Driver/src/stm32f30x_spi.d" -MT"StdPeriph_Driver/src/stm32f30x_spi.o" -o "StdPeriph_Driver/src/stm32f30x_spi.o" "../StdPeriph_Driver/src/stm32f30x_spi.c"
 
Building file: ../StdPeriph_Driver/src/stm32f30x_syscfg.c
Invoking: MCU GCC Compiler
C:\Users\-_Alex_-\Desktop\RTOS course\RTOS_workspace\STM32_FreeRTOS_LED_and_Button\Debug
arm-none-eabi-gcc -mcpu=cortex-m4 -mthumb -mfloat-abi=hard -mfpu=fpv4-sp-d16 -DSTM32 -DSTM32F3 -DSTM32F33 -DSTM32F334R8Tx -DNUCLEO_F334R8 -DDEBUG -DSTM32F334x8 -DUSE_STDPERIPH_DRIVER -I"C:/Users/-_Alex_-/Desktop/RTOS course/RTOS_workspace/STM32_FreeRTOS_LED_and_Button/Utilities/STM32F3xx_Nucleo" -I"C:/Users/-_Alex_-/Desktop/RTOS course/RTOS_workspace/STM32_FreeRTOS_LED_and_Button/Config" -I"C:/Users/-_Alex_-/Desktop/RTOS course/RTOS_workspace/STM32_FreeRTOS_LED_and_Button/Third_Party/FreeRTOS/org/Source/portable/GCC/ARM_CM4F" -I"C:/Users/-_Alex_-/Desktop/RTOS course/RTOS_workspace/STM32_FreeRTOS_LED_and_Button/Third_Party/FreeRTOS/org/Source/include" -I"C:/Users/-_Alex_-/Desktop/RTOS course/RTOS_workspace/STM32_FreeRTOS_LED_and_Button/StdPeriph_Driver/inc" -I"C:/Users/-_Alex_-/Desktop/RTOS course/RTOS_workspace/STM32_FreeRTOS_LED_and_Button/inc" -I"C:/Users/-_Alex_-/Desktop/RTOS course/RTOS_workspace/STM32_FreeRTOS_LED_and_Button/CMSIS/device" -I"C:/Users/-_Alex_-/Desktop/RTOS course/RTOS_workspace/STM32_FreeRTOS_LED_and_Button/CMSIS/core" -O0 -g3 -Wall -fmessage-length=0 -ffunction-sections -c -MMD -MP -MF"StdPeriph_Driver/src/stm32f30x_syscfg.d" -MT"StdPeriph_Driver/src/stm32f30x_syscfg.o" -o "StdPeriph_Driver/src/stm32f30x_syscfg.o" "../StdPeriph_Driver/src/stm32f30x_syscfg.c"
Finished building: ../StdPeriph_Driver/src/stm32f30x_rcc.c
 
Building file: ../StdPeriph_Driver/src/stm32f30x_tim.c
Invoking: MCU GCC Compiler
C:\Users\-_Alex_-\Desktop\RTOS course\RTOS_workspace\STM32_FreeRTOS_LED_and_Button\Debug
arm-none-eabi-gcc -mcpu=cortex-m4 -mthumb -mfloat-abi=hard -mfpu=fpv4-sp-d16 -DSTM32 -DSTM32F3 -DSTM32F33 -DSTM32F334R8Tx -DNUCLEO_F334R8 -DDEBUG -DSTM32F334x8 -DUSE_STDPERIPH_DRIVER -I"C:/Users/-_Alex_-/Desktop/RTOS course/RTOS_workspace/STM32_FreeRTOS_LED_and_Button/Utilities/STM32F3xx_Nucleo" -I"C:/Users/-_Alex_-/Desktop/RTOS course/RTOS_workspace/STM32_FreeRTOS_LED_and_Button/Config" -I"C:/Users/-_Alex_-/Desktop/RTOS course/RTOS_workspace/STM32_FreeRTOS_LED_and_Button/Third_Party/FreeRTOS/org/Source/portable/GCC/ARM_CM4F" -I"C:/Users/-_Alex_-/Desktop/RTOS course/RTOS_workspace/STM32_FreeRTOS_LED_and_Button/Third_Party/FreeRTOS/org/Source/include" -I"C:/Users/-_Alex_-/Desktop/RTOS course/RTOS_workspace/STM32_FreeRTOS_LED_and_Button/StdPeriph_Driver/inc" -I"C:/Users/-_Alex_-/Desktop/RTOS course/RTOS_workspace/STM32_FreeRTOS_LED_and_Button/inc" -I"C:/Users/-_Alex_-/Desktop/RTOS course/RTOS_workspace/STM32_FreeRTOS_LED_and_Button/CMSIS/device" -I"C:/Users/-_Alex_-/Desktop/RTOS course/RTOS_workspace/STM32_FreeRTOS_LED_and_Button/CMSIS/core" -O0 -g3 -Wall -fmessage-length=0 -ffunction-sections -c -MMD -MP -MF"StdPeriph_Driver/src/stm32f30x_tim.d" -MT"StdPeriph_Driver/src/stm32f30x_tim.o" -o "StdPeriph_Driver/src/stm32f30x_tim.o" "../StdPeriph_Driver/src/stm32f30x_tim.c"
Finished building: ../StdPeriph_Driver/src/stm32f30x_spi.c
Finished building: ../StdPeriph_Driver/src/stm32f30x_rtc.c
 
 
Building file: ../StdPeriph_Driver/src/stm32f30x_usart.c
Building file: ../StdPeriph_Driver/src/stm32f30x_wwdg.c
Finished building: ../StdPeriph_Driver/src/stm32f30x_syscfg.c
Invoking: MCU GCC Compiler
Invoking: MCU GCC Compiler
 
C:\Users\-_Alex_-\Desktop\RTOS course\RTOS_workspace\STM32_FreeRTOS_LED_and_Button\Debug
C:\Users\-_Alex_-\Desktop\RTOS course\RTOS_workspace\STM32_FreeRTOS_LED_and_Button\Debug
arm-none-eabi-gcc -mcpu=cortex-m4 -mthumb -mfloat-abi=hard -mfpu=fpv4-sp-d16 -DSTM32 -DSTM32F3 -DSTM32F33 -DSTM32F334R8Tx -DNUCLEO_F334R8 -DDEBUG -DSTM32F334x8 -DUSE_STDPERIPH_DRIVER -I"C:/Users/-_Alex_-/Desktop/RTOS course/RTOS_workspace/STM32_FreeRTOS_LED_and_Button/Utilities/STM32F3xx_Nucleo" -I"C:/Users/-_Alex_-/Desktop/RTOS course/RTOS_workspace/STM32_FreeRTOS_LED_and_Button/Config" -I"C:/Users/-_Alex_-/Desktop/RTOS course/RTOS_workspace/STM32_FreeRTOS_LED_and_Button/Third_Party/FreeRTOS/org/Source/portable/GCC/ARM_CM4F" -I"C:/Users/-_Alex_-/Desktop/RTOS course/RTOS_workspace/STM32_FreeRTOS_LED_and_Button/Third_Party/FreeRTOS/org/Source/include" -I"C:/Users/-_Alex_-/Desktop/RTOS course/RTOS_workspace/STM32_FreeRTOS_LED_and_Button/StdPeriph_Driver/inc" -I"C:/Users/-_Alex_-/Desktop/RTOS course/RTOS_workspace/STM32_FreeRTOS_LED_and_Button/inc" -I"C:/Users/-_Alex_-/Desktop/RTOS course/RTOS_workspace/STM32_FreeRTOS_LED_and_Button/CMSIS/device" -I"C:/Users/-_Alex_-/Desktop/RTOS course/RTOS_workspace/STM32_FreeRTOS_LED_and_Button/CMSIS/core" -O0 -g3 -Wall -fmessage-length=0 -ffunction-sections -c -MMD -MP -MF"StdPeriph_Driver/src/stm32f30x_usart.d" -MT"StdPeriph_Driver/src/stm32f30x_usart.o" -o "StdPeriph_Driver/src/stm32f30x_usart.o" "../StdPeriph_Driver/src/stm32f30x_usart.c"
arm-none-eabi-gcc -mcpu=cortex-m4 -mthumb -mfloat-abi=hard -mfpu=fpv4-sp-d16 -DSTM32 -DSTM32F3 -DSTM32F33 -DSTM32F334R8Tx -DNUCLEO_F334R8 -DDEBUG -DSTM32F334x8 -DUSE_STDPERIPH_DRIVER -I"C:/Users/-_Alex_-/Desktop/RTOS course/RTOS_workspace/STM32_FreeRTOS_LED_and_Button/Utilities/STM32F3xx_Nucleo" -I"C:/Users/-_Alex_-/Desktop/RTOS course/RTOS_workspace/STM32_FreeRTOS_LED_and_Button/Config" -I"C:/Users/-_Alex_-/Desktop/RTOS course/RTOS_workspace/STM32_FreeRTOS_LED_and_Button/Third_Party/FreeRTOS/org/Source/portable/GCC/ARM_CM4F" -I"C:/Users/-_Alex_-/Desktop/RTOS course/RTOS_workspace/STM32_FreeRTOS_LED_and_Button/Third_Party/FreeRTOS/org/Source/include" -I"C:/Users/-_Alex_-/Desktop/RTOS course/RTOS_workspace/STM32_FreeRTOS_LED_and_Button/StdPeriph_Driver/inc" -I"C:/Users/-_Alex_-/Desktop/RTOS course/RTOS_workspace/STM32_FreeRTOS_LED_and_Button/inc" -I"C:/Users/-_Alex_-/Desktop/RTOS course/RTOS_workspace/STM32_FreeRTOS_LED_and_Button/CMSIS/device" -I"C:/Users/-_Alex_-/Desktop/RTOS course/RTOS_workspace/STM32_FreeRTOS_LED_and_Button/CMSIS/core" -O0 -g3 -Wall -fmessage-length=0 -ffunction-sections -c -MMD -MP -MF"StdPeriph_Driver/src/stm32f30x_wwdg.d" -MT"StdPeriph_Driver/src/stm32f30x_wwdg.o" -o "StdPeriph_Driver/src/stm32f30x_wwdg.o" "../StdPeriph_Driver/src/stm32f30x_wwdg.c"
Finished building: ../StdPeriph_Driver/src/stm32f30x_tim.c
 
Finished building: ../StdPeriph_Driver/src/stm32f30x_wwdg.c
 
Finished building: ../StdPeriph_Driver/src/stm32f30x_usart.c
 
Building target: STM32_FreeRTOS_LED_and_Button.elf
Invoking: MCU GCC Linker
arm-none-eabi-gcc -mcpu=cortex-m4 -mthumb -mfloat-abi=hard -mfpu=fpv4-sp-d16 -T"C:/Users/-_Alex_-/Desktop/RTOS course/RTOS_workspace/STM32_FreeRTOS_LED_and_Button/LinkerScript.ld" -Wl,-Map=output.map -Wl,--gc-sections -o "STM32_FreeRTOS_LED_and_Button.elf" @"objects.list"   -lm
Finished building target: STM32_FreeRTOS_LED_and_Button.elf
 
make --no-print-directory post-build
Generating binary and Printing size information:
arm-none-eabi-objcopy -O binary "STM32_FreeRTOS_LED_and_Button.elf" "STM32_FreeRTOS_LED_and_Button.bin"
arm-none-eabi-size "STM32_FreeRTOS_LED_and_Button.elf"
   text	   data	    bss	    dec	    hex	filename
   8764	   1152	   3988	  13904	   3650	STM32_FreeRTOS_LED_and_Button.elf
 
19:39:00 **** Incremental Build of configuration Debug for project STM32_FreeRTOS_LED_and_Button ****
make -j4 all 
Building file: ../src/main.c
Invoking: MCU GCC Compiler
C:\Users\-_Alex_-\Desktop\RTOS course\RTOS_workspace\STM32_FreeRTOS_LED_and_Button\Debug
arm-none-eabi-gcc -mcpu=cortex-m4 -mthumb -mfloat-abi=hard -mfpu=fpv4-sp-d16 -DSTM32 -DSTM32F3 -DSTM32F33 -DSTM32F334R8Tx -DNUCLEO_F334R8 -DDEBUG -DSTM32F334x8 -DUSE_STDPERIPH_DRIVER -I"C:/Users/-_Alex_-/Desktop/RTOS course/RTOS_workspace/STM32_FreeRTOS_LED_and_Button/Utilities/STM32F3xx_Nucleo" -I"C:/Users/-_Alex_-/Desktop/RTOS course/RTOS_workspace/STM32_FreeRTOS_LED_and_Button/Config" -I"C:/Users/-_Alex_-/Desktop/RTOS course/RTOS_workspace/STM32_FreeRTOS_LED_and_Button/Third_Party/FreeRTOS/org/Source/portable/GCC/ARM_CM4F" -I"C:/Users/-_Alex_-/Desktop/RTOS course/RTOS_workspace/STM32_FreeRTOS_LED_and_Button/Third_Party/FreeRTOS/org/Source/include" -I"C:/Users/-_Alex_-/Desktop/RTOS course/RTOS_workspace/STM32_FreeRTOS_LED_and_Button/StdPeriph_Driver/inc" -I"C:/Users/-_Alex_-/Desktop/RTOS course/RTOS_workspace/STM32_FreeRTOS_LED_and_Button/inc" -I"C:/Users/-_Alex_-/Desktop/RTOS course/RTOS_workspace/STM32_FreeRTOS_LED_and_Button/CMSIS/device" -I"C:/Users/-_Alex_-/Desktop/RTOS course/RTOS_workspace/STM32_FreeRTOS_LED_and_Button/CMSIS/core" -O0 -g3 -Wall -fmessage-length=0 -ffunction-sections -c -MMD -MP -MF"src/main.d" -MT"src/main.o" -o "src/main.o" "../src/main.c"
Finished building: ../src/main.c
 
Building target: STM32_FreeRTOS_LED_and_Button.elf
Invoking: MCU GCC Linker
arm-none-eabi-gcc -mcpu=cortex-m4 -mthumb -mfloat-abi=hard -mfpu=fpv4-sp-d16 -T"C:/Users/-_Alex_-/Desktop/RTOS course/RTOS_workspace/STM32_FreeRTOS_LED_and_Button/LinkerScript.ld" -Wl,-Map=output.map -Wl,--gc-sections -o "STM32_FreeRTOS_LED_and_Button.elf" @"objects.list"   -lm
Finished building target: STM32_FreeRTOS_LED_and_Button.elf
 
make --no-print-directory post-build
Generating binary and Printing size information:
arm-none-eabi-objcopy -O binary "STM32_FreeRTOS_LED_and_Button.elf" "STM32_FreeRTOS_LED_and_Button.bin"
arm-none-eabi-size "STM32_FreeRTOS_LED_and_Button.elf"
   text	   data	    bss	    dec	    hex	filename
   8936	   1152	   3996	  14084	   3704	STM32_FreeRTOS_LED_and_Button.elf
 
