23:08:38 **** Incremental Build of configuration Debug for project STM32_FreeRTOS_LED_and_Button_Int ****
make -j4 all 
Building file: ../src/main.c
Invoking: MCU GCC Compiler
C:\Users\-_Alex_-\Desktop\RTOS course\RTOS_workspace\STM32_FreeRTOS_LED_and_Button_Int\Debug
arm-none-eabi-gcc -mcpu=cortex-m4 -mthumb -mfloat-abi=hard -mfpu=fpv4-sp-d16 -DSTM32 -DSTM32F3 -DSTM32F33 -DSTM32F334R8Tx -DNUCLEO_F334R8 -DDEBUG -DSTM32F334x8 -DUSE_STDPERIPH_DRIVER -I"C:/Users/-_Alex_-/Desktop/RTOS course/RTOS_workspace/STM32_FreeRTOS_LED_and_Button_Int/Utilities/STM32F3xx_Nucleo" -I"C:/Users/-_Alex_-/Desktop/RTOS course/RTOS_workspace/STM32_FreeRTOS_LED_and_Button_Int/Third_Party/SEGGER/Config" -I"C:/Users/-_Alex_-/Desktop/RTOS course/RTOS_workspace/STM32_FreeRTOS_LED_and_Button_Int/Third_Party/SEGGER/OS" -I"C:/Users/-_Alex_-/Desktop/RTOS course/RTOS_workspace/STM32_FreeRTOS_LED_and_Button_Int/Third_Party/SEGGER/SEGGER" -I"C:/Users/-_Alex_-/Desktop/RTOS course/RTOS_workspace/STM32_FreeRTOS_LED_and_Button_Int/Third_Party/FreeRTOS/org/Source/include" -I"C:/Users/-_Alex_-/Desktop/RTOS course/RTOS_workspace/STM32_FreeRTOS_LED_and_Button_Int/Third_Party/FreeRTOS/org/Source/portable/GCC/ARM_CM4F" -I"C:/Users/-_Alex_-/Desktop/RTOS course/RTOS_workspace/STM32_FreeRTOS_LED_and_Button_Int/Config" -I"C:/Users/-_Alex_-/Desktop/RTOS course/RTOS_workspace/STM32_FreeRTOS_LED_and_Button_Int/StdPeriph_Driver/inc" -I"C:/Users/-_Alex_-/Desktop/RTOS course/RTOS_workspace/STM32_FreeRTOS_LED_and_Button_Int/inc" -I"C:/Users/-_Alex_-/Desktop/RTOS course/RTOS_workspace/STM32_FreeRTOS_LED_and_Button_Int/CMSIS/device" -I"C:/Users/-_Alex_-/Desktop/RTOS course/RTOS_workspace/STM32_FreeRTOS_LED_and_Button_Int/CMSIS/core" -O0 -g3 -Wall -fmessage-length=0 -ffunction-sections -c -MMD -MP -MF"src/main.d" -MT"src/main.o" -o "src/main.o" "../src/main.c"
Finished building: ../src/main.c
 
Building target: STM32_FreeRTOS_LED_and_Button_Int.elf
Invoking: MCU GCC Linker
arm-none-eabi-gcc -mcpu=cortex-m4 -mthumb -mfloat-abi=hard -mfpu=fpv4-sp-d16 -T"C:/Users/-_Alex_-/Desktop/RTOS course/RTOS_workspace/STM32_FreeRTOS_LED_and_Button_Int/LinkerScript.ld" -Wl,-Map=output.map -Wl,--gc-sections -o "STM32_FreeRTOS_LED_and_Button_Int.elf" @"objects.list"   -lm
Finished building target: STM32_FreeRTOS_LED_and_Button_Int.elf
 
make --no-print-directory post-build
Generating binary and Printing size information:
arm-none-eabi-objcopy -O binary "STM32_FreeRTOS_LED_and_Button_Int.elf" "STM32_FreeRTOS_LED_and_Button_Int.bin"
arm-none-eabi-size "STM32_FreeRTOS_LED_and_Button_Int.elf"
   text	   data	    bss	    dec	    hex	filename
  16880	   1152	   7700	  25732	   6484	STM32_FreeRTOS_LED_and_Button_Int.elf
 

23:08:45 Build Finished (took 6s.773ms)

