19:00:08 **** Build of configuration Debug for project STM32_FreeRTOS_LED_and_Button_Int ****
make -j4 all 
Building file: ../startup/startup_stm32f334x8.s
Building file: ../src/main.c
Building file: ../src/syscalls.c
Building file: ../src/system_stm32f30x.c
Invoking: MCU GCC Compiler
Invoking: MCU GCC Assembler
Invoking: MCU GCC Compiler
Invoking: MCU GCC Compiler
C:\Users\-_Alex_-\Desktop\RTOS course\RTOS_workspace\STM32_FreeRTOS_LED_and_Button_Int\Debug
C:\Users\-_Alex_-\Desktop\RTOS course\RTOS_workspace\STM32_FreeRTOS_LED_and_Button_Int\Debug
C:\Users\-_Alex_-\Desktop\RTOS course\RTOS_workspace\STM32_FreeRTOS_LED_and_Button_Int\Debug
arm-none-eabi-as -mcpu=cortex-m4 -mthumb -mfloat-abi=hard -mfpu=fpv4-sp-d16 -I"C:/Users/-_Alex_-/Desktop/RTOS course/RTOS_workspace/STM32_FreeRTOS_LED_and_Button_Int/Utilities/STM32F3xx_Nucleo" -I"C:/Users/-_Alex_-/Desktop/RTOS course/RTOS_workspace/STM32_FreeRTOS_LED_and_Button_Int/StdPeriph_Driver/inc" -I"C:/Users/-_Alex_-/Desktop/RTOS course/RTOS_workspace/STM32_FreeRTOS_LED_and_Button_Int/inc" -I"C:/Users/-_Alex_-/Desktop/RTOS course/RTOS_workspace/STM32_FreeRTOS_LED_and_Button_Int/CMSIS/device" -I"C:/Users/-_Alex_-/Desktop/RTOS course/RTOS_workspace/STM32_FreeRTOS_LED_and_Button_Int/CMSIS/core" -g -o "startup/startup_stm32f334x8.o" "../startup/startup_stm32f334x8.s"
arm-none-eabi-gcc -mcpu=cortex-m4 -mthumb -mfloat-abi=hard -mfpu=fpv4-sp-d16 -DSTM32 -DSTM32F3 -DSTM32F33 -DSTM32F334R8Tx -DNUCLEO_F334R8 -DDEBUG -DSTM32F334x8 -DUSE_STDPERIPH_DRIVER -I"C:/Users/-_Alex_-/Desktop/RTOS course/RTOS_workspace/STM32_FreeRTOS_LED_and_Button_Int/Utilities/STM32F3xx_Nucleo" -I"C:/Users/-_Alex_-/Desktop/RTOS course/RTOS_workspace/STM32_FreeRTOS_LED_and_Button_Int/Third_Party/SEGGER/Config" -I"C:/Users/-_Alex_-/Desktop/RTOS course/RTOS_workspace/STM32_FreeRTOS_LED_and_Button_Int/Third_Party/SEGGER/OS" -I"C:/Users/-_Alex_-/Desktop/RTOS course/RTOS_workspace/STM32_FreeRTOS_LED_and_Button_Int/Third_Party/SEGGER/SEGGER" -I"C:/Users/-_Alex_-/Desktop/RTOS course/RTOS_workspace/STM32_FreeRTOS_LED_and_Button_Int/Third_Party/FreeRTOS/org/Source/include" -I"C:/Users/-_Alex_-/Desktop/RTOS course/RTOS_workspace/STM32_FreeRTOS_LED_and_Button_Int/Third_Party/FreeRTOS/org/Source/portable/GCC/ARM_CM4F" -I"C:/Users/-_Alex_-/Desktop/RTOS course/RTOS_workspace/STM32_FreeRTOS_LED_and_Button_Int/Config" -I"C:/Users/-_Alex_-/Desktop/RTOS course/RTOS_workspace/STM32_FreeRTOS_LED_and_Button_Int/StdPeriph_Driver/inc" -I"C:/Users/-_Alex_-/Desktop/RTOS course/RTOS_workspace/STM32_FreeRTOS_LED_and_Button_Int/inc" -I"C:/Users/-_Alex_-/Desktop/RTOS course/RTOS_workspace/STM32_FreeRTOS_LED_and_Button_Int/CMSIS/device" -I"C:/Users/-_Alex_-/Desktop/RTOS course/RTOS_workspace/STM32_FreeRTOS_LED_and_Button_Int/CMSIS/core" -O0 -g3 -Wall -fmessage-length=0 -ffunction-sections -c -MMD -MP -MF"src/main.d" -MT"src/main.o" -o "src/main.o" "../src/main.c"
C:\Users\-_Alex_-\Desktop\RTOS course\RTOS_workspace\STM32_FreeRTOS_LED_and_Button_Int\Debug
arm-none-eabi-gcc -mcpu=cortex-m4 -mthumb -mfloat-abi=hard -mfpu=fpv4-sp-d16 -DSTM32 -DSTM32F3 -DSTM32F33 -DSTM32F334R8Tx -DNUCLEO_F334R8 -DDEBUG -DSTM32F334x8 -DUSE_STDPERIPH_DRIVER -I"C:/Users/-_Alex_-/Desktop/RTOS course/RTOS_workspace/STM32_FreeRTOS_LED_and_Button_Int/Utilities/STM32F3xx_Nucleo" -I"C:/Users/-_Alex_-/Desktop/RTOS course/RTOS_workspace/STM32_FreeRTOS_LED_and_Button_Int/Third_Party/SEGGER/Config" -I"C:/Users/-_Alex_-/Desktop/RTOS course/RTOS_workspace/STM32_FreeRTOS_LED_and_Button_Int/Third_Party/SEGGER/OS" -I"C:/Users/-_Alex_-/Desktop/RTOS course/RTOS_workspace/STM32_FreeRTOS_LED_and_Button_Int/Third_Party/SEGGER/SEGGER" -I"C:/Users/-_Alex_-/Desktop/RTOS course/RTOS_workspace/STM32_FreeRTOS_LED_and_Button_Int/Third_Party/FreeRTOS/org/Source/include" -I"C:/Users/-_Alex_-/Desktop/RTOS course/RTOS_workspace/STM32_FreeRTOS_LED_and_Button_Int/Third_Party/FreeRTOS/org/Source/portable/GCC/ARM_CM4F" -I"C:/Users/-_Alex_-/Desktop/RTOS course/RTOS_workspace/STM32_FreeRTOS_LED_and_Button_Int/Config" -I"C:/Users/-_Alex_-/Desktop/RTOS course/RTOS_workspace/STM32_FreeRTOS_LED_and_Button_Int/StdPeriph_Driver/inc" -I"C:/Users/-_Alex_-/Desktop/RTOS course/RTOS_workspace/STM32_FreeRTOS_LED_and_Button_Int/inc" -I"C:/Users/-_Alex_-/Desktop/RTOS course/RTOS_workspace/STM32_FreeRTOS_LED_and_Button_Int/CMSIS/device" -I"C:/Users/-_Alex_-/Desktop/RTOS course/RTOS_workspace/STM32_FreeRTOS_LED_and_Button_Int/CMSIS/core" -O0 -g3 -Wall -fmessage-length=0 -ffunction-sections -c -MMD -MP -MF"src/syscalls.d" -MT"src/syscalls.o" -o "src/syscalls.o" "../src/syscalls.c"
arm-none-eabi-gcc -mcpu=cortex-m4 -mthumb -mfloat-abi=hard -mfpu=fpv4-sp-d16 -DSTM32 -DSTM32F3 -DSTM32F33 -DSTM32F334R8Tx -DNUCLEO_F334R8 -DDEBUG -DSTM32F334x8 -DUSE_STDPERIPH_DRIVER -I"C:/Users/-_Alex_-/Desktop/RTOS course/RTOS_workspace/STM32_FreeRTOS_LED_and_Button_Int/Utilities/STM32F3xx_Nucleo" -I"C:/Users/-_Alex_-/Desktop/RTOS course/RTOS_workspace/STM32_FreeRTOS_LED_and_Button_Int/Third_Party/SEGGER/Config" -I"C:/Users/-_Alex_-/Desktop/RTOS course/RTOS_workspace/STM32_FreeRTOS_LED_and_Button_Int/Third_Party/SEGGER/OS" -I"C:/Users/-_Alex_-/Desktop/RTOS course/RTOS_workspace/STM32_FreeRTOS_LED_and_Button_Int/Third_Party/SEGGER/SEGGER" -I"C:/Users/-_Alex_-/Desktop/RTOS course/RTOS_workspace/STM32_FreeRTOS_LED_and_Button_Int/Third_Party/FreeRTOS/org/Source/include" -I"C:/Users/-_Alex_-/Desktop/RTOS course/RTOS_workspace/STM32_FreeRTOS_LED_and_Button_Int/Third_Party/FreeRTOS/org/Source/portable/GCC/ARM_CM4F" -I"C:/Users/-_Alex_-/Desktop/RTOS course/RTOS_workspace/STM32_FreeRTOS_LED_and_Button_Int/Config" -I"C:/Users/-_Alex_-/Desktop/RTOS course/RTOS_workspace/STM32_FreeRTOS_LED_and_Button_Int/StdPeriph_Driver/inc" -I"C:/Users/-_Alex_-/Desktop/RTOS course/RTOS_workspace/STM32_FreeRTOS_LED_and_Button_Int/inc" -I"C:/Users/-_Alex_-/Desktop/RTOS course/RTOS_workspace/STM32_FreeRTOS_LED_and_Button_Int/CMSIS/device" -I"C:/Users/-_Alex_-/Desktop/RTOS course/RTOS_workspace/STM32_FreeRTOS_LED_and_Button_Int/CMSIS/core" -O0 -g3 -Wall -fmessage-length=0 -ffunction-sections -c -MMD -MP -MF"src/system_stm32f30x.d" -MT"src/system_stm32f30x.o" -o "src/system_stm32f30x.o" "../src/system_stm32f30x.c"
Finished building: ../startup/startup_stm32f334x8.s
 
Building file: ../Utilities/STM32F3xx_Nucleo/stm32f3xx_nucleo.c
Invoking: MCU GCC Compiler
C:\Users\-_Alex_-\Desktop\RTOS course\RTOS_workspace\STM32_FreeRTOS_LED_and_Button_Int\Debug
arm-none-eabi-gcc -mcpu=cortex-m4 -mthumb -mfloat-abi=hard -mfpu=fpv4-sp-d16 -DSTM32 -DSTM32F3 -DSTM32F33 -DSTM32F334R8Tx -DNUCLEO_F334R8 -DDEBUG -DSTM32F334x8 -DUSE_STDPERIPH_DRIVER -I"C:/Users/-_Alex_-/Desktop/RTOS course/RTOS_workspace/STM32_FreeRTOS_LED_and_Button_Int/Utilities/STM32F3xx_Nucleo" -I"C:/Users/-_Alex_-/Desktop/RTOS course/RTOS_workspace/STM32_FreeRTOS_LED_and_Button_Int/Third_Party/SEGGER/Config" -I"C:/Users/-_Alex_-/Desktop/RTOS course/RTOS_workspace/STM32_FreeRTOS_LED_and_Button_Int/Third_Party/SEGGER/OS" -I"C:/Users/-_Alex_-/Desktop/RTOS course/RTOS_workspace/STM32_FreeRTOS_LED_and_Button_Int/Third_Party/SEGGER/SEGGER" -I"C:/Users/-_Alex_-/Desktop/RTOS course/RTOS_workspace/STM32_FreeRTOS_LED_and_Button_Int/Third_Party/FreeRTOS/org/Source/include" -I"C:/Users/-_Alex_-/Desktop/RTOS course/RTOS_workspace/STM32_FreeRTOS_LED_and_Button_Int/Third_Party/FreeRTOS/org/Source/portable/GCC/ARM_CM4F" -I"C:/Users/-_Alex_-/Desktop/RTOS course/RTOS_workspace/STM32_FreeRTOS_LED_and_Button_Int/Config" -I"C:/Users/-_Alex_-/Desktop/RTOS course/RTOS_workspace/STM32_FreeRTOS_LED_and_Button_Int/StdPeriph_Driver/inc" -I"C:/Users/-_Alex_-/Desktop/RTOS course/RTOS_workspace/STM32_FreeRTOS_LED_and_Button_Int/inc" -I"C:/Users/-_Alex_-/Desktop/RTOS course/RTOS_workspace/STM32_FreeRTOS_LED_and_Button_Int/CMSIS/device" -I"C:/Users/-_Alex_-/Desktop/RTOS course/RTOS_workspace/STM32_FreeRTOS_LED_and_Button_Int/CMSIS/core" -O0 -g3 -Wall -fmessage-length=0 -ffunction-sections -c -MMD -MP -MF"Utilities/STM32F3xx_Nucleo/stm32f3xx_nucleo.d" -MT"Utilities/STM32F3xx_Nucleo/stm32f3xx_nucleo.o" -o "Utilities/STM32F3xx_Nucleo/stm32f3xx_nucleo.o" "../Utilities/STM32F3xx_Nucleo/stm32f3xx_nucleo.c"
Finished building: ../src/syscalls.c
 
Building file: ../Third_Party/SEGGER/SEGGER/SEGGER_RTT.c
Invoking: MCU GCC Compiler
C:\Users\-_Alex_-\Desktop\RTOS course\RTOS_workspace\STM32_FreeRTOS_LED_and_Button_Int\Debug
arm-none-eabi-gcc -mcpu=cortex-m4 -mthumb -mfloat-abi=hard -mfpu=fpv4-sp-d16 -DSTM32 -DSTM32F3 -DSTM32F33 -DSTM32F334R8Tx -DNUCLEO_F334R8 -DDEBUG -DSTM32F334x8 -DUSE_STDPERIPH_DRIVER -I"C:/Users/-_Alex_-/Desktop/RTOS course/RTOS_workspace/STM32_FreeRTOS_LED_and_Button_Int/Utilities/STM32F3xx_Nucleo" -I"C:/Users/-_Alex_-/Desktop/RTOS course/RTOS_workspace/STM32_FreeRTOS_LED_and_Button_Int/Third_Party/SEGGER/Config" -I"C:/Users/-_Alex_-/Desktop/RTOS course/RTOS_workspace/STM32_FreeRTOS_LED_and_Button_Int/Third_Party/SEGGER/OS" -I"C:/Users/-_Alex_-/Desktop/RTOS course/RTOS_workspace/STM32_FreeRTOS_LED_and_Button_Int/Third_Party/SEGGER/SEGGER" -I"C:/Users/-_Alex_-/Desktop/RTOS course/RTOS_workspace/STM32_FreeRTOS_LED_and_Button_Int/Third_Party/FreeRTOS/org/Source/include" -I"C:/Users/-_Alex_-/Desktop/RTOS course/RTOS_workspace/STM32_FreeRTOS_LED_and_Button_Int/Third_Party/FreeRTOS/org/Source/portable/GCC/ARM_CM4F" -I"C:/Users/-_Alex_-/Desktop/RTOS course/RTOS_workspace/STM32_FreeRTOS_LED_and_Button_Int/Config" -I"C:/Users/-_Alex_-/Desktop/RTOS course/RTOS_workspace/STM32_FreeRTOS_LED_and_Button_Int/StdPeriph_Driver/inc" -I"C:/Users/-_Alex_-/Desktop/RTOS course/RTOS_workspace/STM32_FreeRTOS_LED_and_Button_Int/inc" -I"C:/Users/-_Alex_-/Desktop/RTOS course/RTOS_workspace/STM32_FreeRTOS_LED_and_Button_Int/CMSIS/device" -I"C:/Users/-_Alex_-/Desktop/RTOS course/RTOS_workspace/STM32_FreeRTOS_LED_and_Button_Int/CMSIS/core" -O0 -g3 -Wall -fmessage-length=0 -ffunction-sections -c -MMD -MP -MF"Third_Party/SEGGER/SEGGER/SEGGER_RTT.d" -MT"Third_Party/SEGGER/SEGGER/SEGGER_RTT.o" -o "Third_Party/SEGGER/SEGGER/SEGGER_RTT.o" "../Third_Party/SEGGER/SEGGER/SEGGER_RTT.c"
Finished building: ../src/system_stm32f30x.c
 
Building file: ../Third_Party/SEGGER/SEGGER/SEGGER_SYSVIEW.c
Finished building: ../src/main.c
Invoking: MCU GCC Compiler
 
C:\Users\-_Alex_-\Desktop\RTOS course\RTOS_workspace\STM32_FreeRTOS_LED_and_Button_Int\Debug
arm-none-eabi-gcc -mcpu=cortex-m4 -mthumb -mfloat-abi=hard -mfpu=fpv4-sp-d16 -DSTM32 -DSTM32F3 -DSTM32F33 -DSTM32F334R8Tx -DNUCLEO_F334R8 -DDEBUG -DSTM32F334x8 -DUSE_STDPERIPH_DRIVER -I"C:/Users/-_Alex_-/Desktop/RTOS course/RTOS_workspace/STM32_FreeRTOS_LED_and_Button_Int/Utilities/STM32F3xx_Nucleo" -I"C:/Users/-_Alex_-/Desktop/RTOS course/RTOS_workspace/STM32_FreeRTOS_LED_and_Button_Int/Third_Party/SEGGER/Config" -I"C:/Users/-_Alex_-/Desktop/RTOS course/RTOS_workspace/STM32_FreeRTOS_LED_and_Button_Int/Third_Party/SEGGER/OS" -I"C:/Users/-_Alex_-/Desktop/RTOS course/RTOS_workspace/STM32_FreeRTOS_LED_and_Button_Int/Third_Party/SEGGER/SEGGER" -I"C:/Users/-_Alex_-/Desktop/RTOS course/RTOS_workspace/STM32_FreeRTOS_LED_and_Button_Int/Third_Party/FreeRTOS/org/Source/include" -I"C:/Users/-_Alex_-/Desktop/RTOS course/RTOS_workspace/STM32_FreeRTOS_LED_and_Button_Int/Third_Party/FreeRTOS/org/Source/portable/GCC/ARM_CM4F" -I"C:/Users/-_Alex_-/Desktop/RTOS course/RTOS_workspace/STM32_FreeRTOS_LED_and_Button_Int/Config" -I"C:/Users/-_Alex_-/Desktop/RTOS course/RTOS_workspace/STM32_FreeRTOS_LED_and_Button_Int/StdPeriph_Driver/inc" -I"C:/Users/-_Alex_-/Desktop/RTOS course/RTOS_workspace/STM32_FreeRTOS_LED_and_Button_Int/inc" -I"C:/Users/-_Alex_-/Desktop/RTOS course/RTOS_workspace/STM32_FreeRTOS_LED_and_Button_Int/CMSIS/device" -I"C:/Users/-_Alex_-/Desktop/RTOS course/RTOS_workspace/STM32_FreeRTOS_LED_and_Button_Int/CMSIS/core" -O0 -g3 -Wall -fmessage-length=0 -ffunction-sections -c -MMD -MP -MF"Third_Party/SEGGER/SEGGER/SEGGER_SYSVIEW.d" -MT"Third_Party/SEGGER/SEGGER/SEGGER_SYSVIEW.o" -o "Third_Party/SEGGER/SEGGER/SEGGER_SYSVIEW.o" "../Third_Party/SEGGER/SEGGER/SEGGER_SYSVIEW.c"
Building file: ../Third_Party/SEGGER/OS/SEGGER_SYSVIEW_FreeRTOS.c
Invoking: MCU GCC Compiler
C:\Users\-_Alex_-\Desktop\RTOS course\RTOS_workspace\STM32_FreeRTOS_LED_and_Button_Int\Debug
arm-none-eabi-gcc -mcpu=cortex-m4 -mthumb -mfloat-abi=hard -mfpu=fpv4-sp-d16 -DSTM32 -DSTM32F3 -DSTM32F33 -DSTM32F334R8Tx -DNUCLEO_F334R8 -DDEBUG -DSTM32F334x8 -DUSE_STDPERIPH_DRIVER -I"C:/Users/-_Alex_-/Desktop/RTOS course/RTOS_workspace/STM32_FreeRTOS_LED_and_Button_Int/Utilities/STM32F3xx_Nucleo" -I"C:/Users/-_Alex_-/Desktop/RTOS course/RTOS_workspace/STM32_FreeRTOS_LED_and_Button_Int/Third_Party/SEGGER/Config" -I"C:/Users/-_Alex_-/Desktop/RTOS course/RTOS_workspace/STM32_FreeRTOS_LED_and_Button_Int/Third_Party/SEGGER/OS" -I"C:/Users/-_Alex_-/Desktop/RTOS course/RTOS_workspace/STM32_FreeRTOS_LED_and_Button_Int/Third_Party/SEGGER/SEGGER" -I"C:/Users/-_Alex_-/Desktop/RTOS course/RTOS_workspace/STM32_FreeRTOS_LED_and_Button_Int/Third_Party/FreeRTOS/org/Source/include" -I"C:/Users/-_Alex_-/Desktop/RTOS course/RTOS_workspace/STM32_FreeRTOS_LED_and_Button_Int/Third_Party/FreeRTOS/org/Source/portable/GCC/ARM_CM4F" -I"C:/Users/-_Alex_-/Desktop/RTOS course/RTOS_workspace/STM32_FreeRTOS_LED_and_Button_Int/Config" -I"C:/Users/-_Alex_-/Desktop/RTOS course/RTOS_workspace/STM32_FreeRTOS_LED_and_Button_Int/StdPeriph_Driver/inc" -I"C:/Users/-_Alex_-/Desktop/RTOS course/RTOS_workspace/STM32_FreeRTOS_LED_and_Button_Int/inc" -I"C:/Users/-_Alex_-/Desktop/RTOS course/RTOS_workspace/STM32_FreeRTOS_LED_and_Button_Int/CMSIS/device" -I"C:/Users/-_Alex_-/Desktop/RTOS course/RTOS_workspace/STM32_FreeRTOS_LED_and_Button_Int/CMSIS/core" -O0 -g3 -Wall -fmessage-length=0 -ffunction-sections -c -MMD -MP -MF"Third_Party/SEGGER/OS/SEGGER_SYSVIEW_FreeRTOS.d" -MT"Third_Party/SEGGER/OS/SEGGER_SYSVIEW_FreeRTOS.o" -o "Third_Party/SEGGER/OS/SEGGER_SYSVIEW_FreeRTOS.o" "../Third_Party/SEGGER/OS/SEGGER_SYSVIEW_FreeRTOS.c"
Finished building: ../Utilities/STM32F3xx_Nucleo/stm32f3xx_nucleo.c
 
Building file: ../Third_Party/SEGGER/Config/SEGGER_SYSVIEW_Config_FreeRTOS.c
Finished building: ../Third_Party/SEGGER/SEGGER/SEGGER_RTT.c
Invoking: MCU GCC Compiler
 
C:\Users\-_Alex_-\Desktop\RTOS course\RTOS_workspace\STM32_FreeRTOS_LED_and_Button_Int\Debug
Building file: ../Third_Party/FreeRTOS/org/Source/portable/MemMang/heap_4.c
arm-none-eabi-gcc -mcpu=cortex-m4 -mthumb -mfloat-abi=hard -mfpu=fpv4-sp-d16 -DSTM32 -DSTM32F3 -DSTM32F33 -DSTM32F334R8Tx -DNUCLEO_F334R8 -DDEBUG -DSTM32F334x8 -DUSE_STDPERIPH_DRIVER -I"C:/Users/-_Alex_-/Desktop/RTOS course/RTOS_workspace/STM32_FreeRTOS_LED_and_Button_Int/Utilities/STM32F3xx_Nucleo" -I"C:/Users/-_Alex_-/Desktop/RTOS course/RTOS_workspace/STM32_FreeRTOS_LED_and_Button_Int/Third_Party/SEGGER/Config" -I"C:/Users/-_Alex_-/Desktop/RTOS course/RTOS_workspace/STM32_FreeRTOS_LED_and_Button_Int/Third_Party/SEGGER/OS" -I"C:/Users/-_Alex_-/Desktop/RTOS course/RTOS_workspace/STM32_FreeRTOS_LED_and_Button_Int/Third_Party/SEGGER/SEGGER" -I"C:/Users/-_Alex_-/Desktop/RTOS course/RTOS_workspace/STM32_FreeRTOS_LED_and_Button_Int/Third_Party/FreeRTOS/org/Source/include" -I"C:/Users/-_Alex_-/Desktop/RTOS course/RTOS_workspace/STM32_FreeRTOS_LED_and_Button_Int/Third_Party/FreeRTOS/org/Source/portable/GCC/ARM_CM4F" -I"C:/Users/-_Alex_-/Desktop/RTOS course/RTOS_workspace/STM32_FreeRTOS_LED_and_Button_Int/Config" -I"C:/Users/-_Alex_-/Desktop/RTOS course/RTOS_workspace/STM32_FreeRTOS_LED_and_Button_Int/StdPeriph_Driver/inc" -I"C:/Users/-_Alex_-/Desktop/RTOS course/RTOS_workspace/STM32_FreeRTOS_LED_and_Button_Int/inc" -I"C:/Users/-_Alex_-/Desktop/RTOS course/RTOS_workspace/STM32_FreeRTOS_LED_and_Button_Int/CMSIS/device" -I"C:/Users/-_Alex_-/Desktop/RTOS course/RTOS_workspace/STM32_FreeRTOS_LED_and_Button_Int/CMSIS/core" -O0 -g3 -Wall -fmessage-length=0 -ffunction-sections -c -MMD -MP -MF"Third_Party/SEGGER/Config/SEGGER_SYSVIEW_Config_FreeRTOS.d" -MT"Third_Party/SEGGER/Config/SEGGER_SYSVIEW_Config_FreeRTOS.o" -o "Third_Party/SEGGER/Config/SEGGER_SYSVIEW_Config_FreeRTOS.o" "../Third_Party/SEGGER/Config/SEGGER_SYSVIEW_Config_FreeRTOS.c"
Invoking: MCU GCC Compiler
C:\Users\-_Alex_-\Desktop\RTOS course\RTOS_workspace\STM32_FreeRTOS_LED_and_Button_Int\Debug
arm-none-eabi-gcc -mcpu=cortex-m4 -mthumb -mfloat-abi=hard -mfpu=fpv4-sp-d16 -DSTM32 -DSTM32F3 -DSTM32F33 -DSTM32F334R8Tx -DNUCLEO_F334R8 -DDEBUG -DSTM32F334x8 -DUSE_STDPERIPH_DRIVER -I"C:/Users/-_Alex_-/Desktop/RTOS course/RTOS_workspace/STM32_FreeRTOS_LED_and_Button_Int/Utilities/STM32F3xx_Nucleo" -I"C:/Users/-_Alex_-/Desktop/RTOS course/RTOS_workspace/STM32_FreeRTOS_LED_and_Button_Int/Third_Party/SEGGER/Config" -I"C:/Users/-_Alex_-/Desktop/RTOS course/RTOS_workspace/STM32_FreeRTOS_LED_and_Button_Int/Third_Party/SEGGER/OS" -I"C:/Users/-_Alex_-/Desktop/RTOS course/RTOS_workspace/STM32_FreeRTOS_LED_and_Button_Int/Third_Party/SEGGER/SEGGER" -I"C:/Users/-_Alex_-/Desktop/RTOS course/RTOS_workspace/STM32_FreeRTOS_LED_and_Button_Int/Third_Party/FreeRTOS/org/Source/include" -I"C:/Users/-_Alex_-/Desktop/RTOS course/RTOS_workspace/STM32_FreeRTOS_LED_and_Button_Int/Third_Party/FreeRTOS/org/Source/portable/GCC/ARM_CM4F" -I"C:/Users/-_Alex_-/Desktop/RTOS course/RTOS_workspace/STM32_FreeRTOS_LED_and_Button_Int/Config" -I"C:/Users/-_Alex_-/Desktop/RTOS course/RTOS_workspace/STM32_FreeRTOS_LED_and_Button_Int/StdPeriph_Driver/inc" -I"C:/Users/-_Alex_-/Desktop/RTOS course/RTOS_workspace/STM32_FreeRTOS_LED_and_Button_Int/inc" -I"C:/Users/-_Alex_-/Desktop/RTOS course/RTOS_workspace/STM32_FreeRTOS_LED_and_Button_Int/CMSIS/device" -I"C:/Users/-_Alex_-/Desktop/RTOS course/RTOS_workspace/STM32_FreeRTOS_LED_and_Button_Int/CMSIS/core" -O0 -g3 -Wall -fmessage-length=0 -ffunction-sections -c -MMD -MP -MF"Third_Party/FreeRTOS/org/Source/portable/MemMang/heap_4.d" -MT"Third_Party/FreeRTOS/org/Source/portable/MemMang/heap_4.o" -o "Third_Party/FreeRTOS/org/Source/portable/MemMang/heap_4.o" "../Third_Party/FreeRTOS/org/Source/portable/MemMang/heap_4.c"
Finished building: ../Third_Party/SEGGER/OS/SEGGER_SYSVIEW_FreeRTOS.c
 
Building file: ../Third_Party/FreeRTOS/org/Source/portable/GCC/ARM_CM4F/port.c
Invoking: MCU GCC Compiler
C:\Users\-_Alex_-\Desktop\RTOS course\RTOS_workspace\STM32_FreeRTOS_LED_and_Button_Int\Debug
arm-none-eabi-gcc -mcpu=cortex-m4 -mthumb -mfloat-abi=hard -mfpu=fpv4-sp-d16 -DSTM32 -DSTM32F3 -DSTM32F33 -DSTM32F334R8Tx -DNUCLEO_F334R8 -DDEBUG -DSTM32F334x8 -DUSE_STDPERIPH_DRIVER -I"C:/Users/-_Alex_-/Desktop/RTOS course/RTOS_workspace/STM32_FreeRTOS_LED_and_Button_Int/Utilities/STM32F3xx_Nucleo" -I"C:/Users/-_Alex_-/Desktop/RTOS course/RTOS_workspace/STM32_FreeRTOS_LED_and_Button_Int/Third_Party/SEGGER/Config" -I"C:/Users/-_Alex_-/Desktop/RTOS course/RTOS_workspace/STM32_FreeRTOS_LED_and_Button_Int/Third_Party/SEGGER/OS" -I"C:/Users/-_Alex_-/Desktop/RTOS course/RTOS_workspace/STM32_FreeRTOS_LED_and_Button_Int/Third_Party/SEGGER/SEGGER" -I"C:/Users/-_Alex_-/Desktop/RTOS course/RTOS_workspace/STM32_FreeRTOS_LED_and_Button_Int/Third_Party/FreeRTOS/org/Source/include" -I"C:/Users/-_Alex_-/Desktop/RTOS course/RTOS_workspace/STM32_FreeRTOS_LED_and_Button_Int/Third_Party/FreeRTOS/org/Source/portable/GCC/ARM_CM4F" -I"C:/Users/-_Alex_-/Desktop/RTOS course/RTOS_workspace/STM32_FreeRTOS_LED_and_Button_Int/Config" -I"C:/Users/-_Alex_-/Desktop/RTOS course/RTOS_workspace/STM32_FreeRTOS_LED_and_Button_Int/StdPeriph_Driver/inc" -I"C:/Users/-_Alex_-/Desktop/RTOS course/RTOS_workspace/STM32_FreeRTOS_LED_and_Button_Int/inc" -I"C:/Users/-_Alex_-/Desktop/RTOS course/RTOS_workspace/STM32_FreeRTOS_LED_and_Button_Int/CMSIS/device" -I"C:/Users/-_Alex_-/Desktop/RTOS course/RTOS_workspace/STM32_FreeRTOS_LED_and_Button_Int/CMSIS/core" -O0 -g3 -Wall -fmessage-length=0 -ffunction-sections -c -MMD -MP -MF"Third_Party/FreeRTOS/org/Source/portable/GCC/ARM_CM4F/port.d" -MT"Third_Party/FreeRTOS/org/Source/portable/GCC/ARM_CM4F/port.o" -o "Third_Party/FreeRTOS/org/Source/portable/GCC/ARM_CM4F/port.o" "../Third_Party/FreeRTOS/org/Source/portable/GCC/ARM_CM4F/port.c"
Finished building: ../Third_Party/SEGGER/Config/SEGGER_SYSVIEW_Config_FreeRTOS.c
 
Building file: ../Third_Party/FreeRTOS/org/Source/croutine.c
Invoking: MCU GCC Compiler
C:\Users\-_Alex_-\Desktop\RTOS course\RTOS_workspace\STM32_FreeRTOS_LED_and_Button_Int\Debug
arm-none-eabi-gcc -mcpu=cortex-m4 -mthumb -mfloat-abi=hard -mfpu=fpv4-sp-d16 -DSTM32 -DSTM32F3 -DSTM32F33 -DSTM32F334R8Tx -DNUCLEO_F334R8 -DDEBUG -DSTM32F334x8 -DUSE_STDPERIPH_DRIVER -I"C:/Users/-_Alex_-/Desktop/RTOS course/RTOS_workspace/STM32_FreeRTOS_LED_and_Button_Int/Utilities/STM32F3xx_Nucleo" -I"C:/Users/-_Alex_-/Desktop/RTOS course/RTOS_workspace/STM32_FreeRTOS_LED_and_Button_Int/Third_Party/SEGGER/Config" -I"C:/Users/-_Alex_-/Desktop/RTOS course/RTOS_workspace/STM32_FreeRTOS_LED_and_Button_Int/Third_Party/SEGGER/OS" -I"C:/Users/-_Alex_-/Desktop/RTOS course/RTOS_workspace/STM32_FreeRTOS_LED_and_Button_Int/Third_Party/SEGGER/SEGGER" -I"C:/Users/-_Alex_-/Desktop/RTOS course/RTOS_workspace/STM32_FreeRTOS_LED_and_Button_Int/Third_Party/FreeRTOS/org/Source/include" -I"C:/Users/-_Alex_-/Desktop/RTOS course/RTOS_workspace/STM32_FreeRTOS_LED_and_Button_Int/Third_Party/FreeRTOS/org/Source/portable/GCC/ARM_CM4F" -I"C:/Users/-_Alex_-/Desktop/RTOS course/RTOS_workspace/STM32_FreeRTOS_LED_and_Button_Int/Config" -I"C:/Users/-_Alex_-/Desktop/RTOS course/RTOS_workspace/STM32_FreeRTOS_LED_and_Button_Int/StdPeriph_Driver/inc" -I"C:/Users/-_Alex_-/Desktop/RTOS course/RTOS_workspace/STM32_FreeRTOS_LED_and_Button_Int/inc" -I"C:/Users/-_Alex_-/Desktop/RTOS course/RTOS_workspace/STM32_FreeRTOS_LED_and_Button_Int/CMSIS/device" -I"C:/Users/-_Alex_-/Desktop/RTOS course/RTOS_workspace/STM32_FreeRTOS_LED_and_Button_Int/CMSIS/core" -O0 -g3 -Wall -fmessage-length=0 -ffunction-sections -c -MMD -MP -MF"Third_Party/FreeRTOS/org/Source/croutine.d" -MT"Third_Party/FreeRTOS/org/Source/croutine.o" -o "Third_Party/FreeRTOS/org/Source/croutine.o" "../Third_Party/FreeRTOS/org/Source/croutine.c"
Finished building: ../Third_Party/SEGGER/SEGGER/SEGGER_SYSVIEW.c
Finished building: ../Third_Party/FreeRTOS/org/Source/portable/MemMang/heap_4.c
 
 
Building file: ../Third_Party/FreeRTOS/org/Source/event_groups.c
Building file: ../Third_Party/FreeRTOS/org/Source/list.c
Invoking: MCU GCC Compiler
Invoking: MCU GCC Compiler
C:\Users\-_Alex_-\Desktop\RTOS course\RTOS_workspace\STM32_FreeRTOS_LED_and_Button_Int\Debug
arm-none-eabi-gcc -mcpu=cortex-m4 -mthumb -mfloat-abi=hard -mfpu=fpv4-sp-d16 -DSTM32 -DSTM32F3 -DSTM32F33 -DSTM32F334R8Tx -DNUCLEO_F334R8 -DDEBUG -DSTM32F334x8 -DUSE_STDPERIPH_DRIVER -I"C:/Users/-_Alex_-/Desktop/RTOS course/RTOS_workspace/STM32_FreeRTOS_LED_and_Button_Int/Utilities/STM32F3xx_Nucleo" -I"C:/Users/-_Alex_-/Desktop/RTOS course/RTOS_workspace/STM32_FreeRTOS_LED_and_Button_Int/Third_Party/SEGGER/Config" -I"C:/Users/-_Alex_-/Desktop/RTOS course/RTOS_workspace/STM32_FreeRTOS_LED_and_Button_Int/Third_Party/SEGGER/OS" -I"C:/Users/-_Alex_-/Desktop/RTOS course/RTOS_workspace/STM32_FreeRTOS_LED_and_Button_Int/Third_Party/SEGGER/SEGGER" -I"C:/Users/-_Alex_-/Desktop/RTOS course/RTOS_workspace/STM32_FreeRTOS_LED_and_Button_Int/Third_Party/FreeRTOS/org/Source/include" -I"C:/Users/-_Alex_-/Desktop/RTOS course/RTOS_workspace/STM32_FreeRTOS_LED_and_Button_Int/Third_Party/FreeRTOS/org/Source/portable/GCC/ARM_CM4F" -I"C:/Users/-_Alex_-/Desktop/RTOS course/RTOS_workspace/STM32_FreeRTOS_LED_and_Button_Int/Config" -I"C:/Users/-_Alex_-/Desktop/RTOS course/RTOS_workspace/STM32_FreeRTOS_LED_and_Button_Int/StdPeriph_Driver/inc" -I"C:/Users/-_Alex_-/Desktop/RTOS course/RTOS_workspace/STM32_FreeRTOS_LED_and_Button_Int/inc" -I"C:/Users/-_Alex_-/Desktop/RTOS course/RTOS_workspace/STM32_FreeRTOS_LED_and_Button_Int/CMSIS/device" -I"C:/Users/-_Alex_-/Desktop/RTOS course/RTOS_workspace/STM32_FreeRTOS_LED_and_Button_Int/CMSIS/core" -O0 -g3 -Wall -fmessage-length=0 -ffunction-sections -c -MMD -MP -MF"Third_Party/FreeRTOS/org/Source/event_groups.d" -MT"Third_Party/FreeRTOS/org/Source/event_groups.o" -o "Third_Party/FreeRTOS/org/Source/event_groups.o" "../Third_Party/FreeRTOS/org/Source/event_groups.c"
C:\Users\-_Alex_-\Desktop\RTOS course\RTOS_workspace\STM32_FreeRTOS_LED_and_Button_Int\Debug
arm-none-eabi-gcc -mcpu=cortex-m4 -mthumb -mfloat-abi=hard -mfpu=fpv4-sp-d16 -DSTM32 -DSTM32F3 -DSTM32F33 -DSTM32F334R8Tx -DNUCLEO_F334R8 -DDEBUG -DSTM32F334x8 -DUSE_STDPERIPH_DRIVER -I"C:/Users/-_Alex_-/Desktop/RTOS course/RTOS_workspace/STM32_FreeRTOS_LED_and_Button_Int/Utilities/STM32F3xx_Nucleo" -I"C:/Users/-_Alex_-/Desktop/RTOS course/RTOS_workspace/STM32_FreeRTOS_LED_and_Button_Int/Third_Party/SEGGER/Config" -I"C:/Users/-_Alex_-/Desktop/RTOS course/RTOS_workspace/STM32_FreeRTOS_LED_and_Button_Int/Third_Party/SEGGER/OS" -I"C:/Users/-_Alex_-/Desktop/RTOS course/RTOS_workspace/STM32_FreeRTOS_LED_and_Button_Int/Third_Party/SEGGER/SEGGER" -I"C:/Users/-_Alex_-/Desktop/RTOS course/RTOS_workspace/STM32_FreeRTOS_LED_and_Button_Int/Third_Party/FreeRTOS/org/Source/include" -I"C:/Users/-_Alex_-/Desktop/RTOS course/RTOS_workspace/STM32_FreeRTOS_LED_and_Button_Int/Third_Party/FreeRTOS/org/Source/portable/GCC/ARM_CM4F" -I"C:/Users/-_Alex_-/Desktop/RTOS course/RTOS_workspace/STM32_FreeRTOS_LED_and_Button_Int/Config" -I"C:/Users/-_Alex_-/Desktop/RTOS course/RTOS_workspace/STM32_FreeRTOS_LED_and_Button_Int/StdPeriph_Driver/inc" -I"C:/Users/-_Alex_-/Desktop/RTOS course/RTOS_workspace/STM32_FreeRTOS_LED_and_Button_Int/inc" -I"C:/Users/-_Alex_-/Desktop/RTOS course/RTOS_workspace/STM32_FreeRTOS_LED_and_Button_Int/CMSIS/device" -I"C:/Users/-_Alex_-/Desktop/RTOS course/RTOS_workspace/STM32_FreeRTOS_LED_and_Button_Int/CMSIS/core" -O0 -g3 -Wall -fmessage-length=0 -ffunction-sections -c -MMD -MP -MF"Third_Party/FreeRTOS/org/Source/list.d" -MT"Third_Party/FreeRTOS/org/Source/list.o" -o "Third_Party/FreeRTOS/org/Source/list.o" "../Third_Party/FreeRTOS/org/Source/list.c"
Finished building: ../Third_Party/FreeRTOS/org/Source/portable/GCC/ARM_CM4F/port.c
 
Building file: ../Third_Party/FreeRTOS/org/Source/queue.c
Finished building: ../Third_Party/FreeRTOS/org/Source/croutine.c
Invoking: MCU GCC Compiler
 
C:\Users\-_Alex_-\Desktop\RTOS course\RTOS_workspace\STM32_FreeRTOS_LED_and_Button_Int\Debug
arm-none-eabi-gcc -mcpu=cortex-m4 -mthumb -mfloat-abi=hard -mfpu=fpv4-sp-d16 -DSTM32 -DSTM32F3 -DSTM32F33 -DSTM32F334R8Tx -DNUCLEO_F334R8 -DDEBUG -DSTM32F334x8 -DUSE_STDPERIPH_DRIVER -I"C:/Users/-_Alex_-/Desktop/RTOS course/RTOS_workspace/STM32_FreeRTOS_LED_and_Button_Int/Utilities/STM32F3xx_Nucleo" -I"C:/Users/-_Alex_-/Desktop/RTOS course/RTOS_workspace/STM32_FreeRTOS_LED_and_Button_Int/Third_Party/SEGGER/Config" -I"C:/Users/-_Alex_-/Desktop/RTOS course/RTOS_workspace/STM32_FreeRTOS_LED_and_Button_Int/Third_Party/SEGGER/OS" -I"C:/Users/-_Alex_-/Desktop/RTOS course/RTOS_workspace/STM32_FreeRTOS_LED_and_Button_Int/Third_Party/SEGGER/SEGGER" -I"C:/Users/-_Alex_-/Desktop/RTOS course/RTOS_workspace/STM32_FreeRTOS_LED_and_Button_Int/Third_Party/FreeRTOS/org/Source/include" -I"C:/Users/-_Alex_-/Desktop/RTOS course/RTOS_workspace/STM32_FreeRTOS_LED_and_Button_Int/Third_Party/FreeRTOS/org/Source/portable/GCC/ARM_CM4F" -I"C:/Users/-_Alex_-/Desktop/RTOS course/RTOS_workspace/STM32_FreeRTOS_LED_and_Button_Int/Config" -I"C:/Users/-_Alex_-/Desktop/RTOS course/RTOS_workspace/STM32_FreeRTOS_LED_and_Button_Int/StdPeriph_Driver/inc" -I"C:/Users/-_Alex_-/Desktop/RTOS course/RTOS_workspace/STM32_FreeRTOS_LED_and_Button_Int/inc" -I"C:/Users/-_Alex_-/Desktop/RTOS course/RTOS_workspace/STM32_FreeRTOS_LED_and_Button_Int/CMSIS/device" -I"C:/Users/-_Alex_-/Desktop/RTOS course/RTOS_workspace/STM32_FreeRTOS_LED_and_Button_Int/CMSIS/core" -O0 -g3 -Wall -fmessage-length=0 -ffunction-sections -c -MMD -MP -MF"Third_Party/FreeRTOS/org/Source/queue.d" -MT"Third_Party/FreeRTOS/org/Source/queue.o" -o "Third_Party/FreeRTOS/org/Source/queue.o" "../Third_Party/FreeRTOS/org/Source/queue.c"
Building file: ../Third_Party/FreeRTOS/org/Source/stream_buffer.c
Invoking: MCU GCC Compiler
C:\Users\-_Alex_-\Desktop\RTOS course\RTOS_workspace\STM32_FreeRTOS_LED_and_Button_Int\Debug
arm-none-eabi-gcc -mcpu=cortex-m4 -mthumb -mfloat-abi=hard -mfpu=fpv4-sp-d16 -DSTM32 -DSTM32F3 -DSTM32F33 -DSTM32F334R8Tx -DNUCLEO_F334R8 -DDEBUG -DSTM32F334x8 -DUSE_STDPERIPH_DRIVER -I"C:/Users/-_Alex_-/Desktop/RTOS course/RTOS_workspace/STM32_FreeRTOS_LED_and_Button_Int/Utilities/STM32F3xx_Nucleo" -I"C:/Users/-_Alex_-/Desktop/RTOS course/RTOS_workspace/STM32_FreeRTOS_LED_and_Button_Int/Third_Party/SEGGER/Config" -I"C:/Users/-_Alex_-/Desktop/RTOS course/RTOS_workspace/STM32_FreeRTOS_LED_and_Button_Int/Third_Party/SEGGER/OS" -I"C:/Users/-_Alex_-/Desktop/RTOS course/RTOS_workspace/STM32_FreeRTOS_LED_and_Button_Int/Third_Party/SEGGER/SEGGER" -I"C:/Users/-_Alex_-/Desktop/RTOS course/RTOS_workspace/STM32_FreeRTOS_LED_and_Button_Int/Third_Party/FreeRTOS/org/Source/include" -I"C:/Users/-_Alex_-/Desktop/RTOS course/RTOS_workspace/STM32_FreeRTOS_LED_and_Button_Int/Third_Party/FreeRTOS/org/Source/portable/GCC/ARM_CM4F" -I"C:/Users/-_Alex_-/Desktop/RTOS course/RTOS_workspace/STM32_FreeRTOS_LED_and_Button_Int/Config" -I"C:/Users/-_Alex_-/Desktop/RTOS course/RTOS_workspace/STM32_FreeRTOS_LED_and_Button_Int/StdPeriph_Driver/inc" -I"C:/Users/-_Alex_-/Desktop/RTOS course/RTOS_workspace/STM32_FreeRTOS_LED_and_Button_Int/inc" -I"C:/Users/-_Alex_-/Desktop/RTOS course/RTOS_workspace/STM32_FreeRTOS_LED_and_Button_Int/CMSIS/device" -I"C:/Users/-_Alex_-/Desktop/RTOS course/RTOS_workspace/STM32_FreeRTOS_LED_and_Button_Int/CMSIS/core" -O0 -g3 -Wall -fmessage-length=0 -ffunction-sections -c -MMD -MP -MF"Third_Party/FreeRTOS/org/Source/stream_buffer.d" -MT"Third_Party/FreeRTOS/org/Source/stream_buffer.o" -o "Third_Party/FreeRTOS/org/Source/stream_buffer.o" "../Third_Party/FreeRTOS/org/Source/stream_buffer.c"
Finished building: ../Third_Party/FreeRTOS/org/Source/list.c
 
Finished building: ../Third_Party/FreeRTOS/org/Source/event_groups.c
Building file: ../Third_Party/FreeRTOS/org/Source/tasks.c
 
Invoking: MCU GCC Compiler
Building file: ../Third_Party/FreeRTOS/org/Source/timers.c
C:\Users\-_Alex_-\Desktop\RTOS course\RTOS_workspace\STM32_FreeRTOS_LED_and_Button_Int\Debug
arm-none-eabi-gcc -mcpu=cortex-m4 -mthumb -mfloat-abi=hard -mfpu=fpv4-sp-d16 -DSTM32 -DSTM32F3 -DSTM32F33 -DSTM32F334R8Tx -DNUCLEO_F334R8 -DDEBUG -DSTM32F334x8 -DUSE_STDPERIPH_DRIVER -I"C:/Users/-_Alex_-/Desktop/RTOS course/RTOS_workspace/STM32_FreeRTOS_LED_and_Button_Int/Utilities/STM32F3xx_Nucleo" -I"C:/Users/-_Alex_-/Desktop/RTOS course/RTOS_workspace/STM32_FreeRTOS_LED_and_Button_Int/Third_Party/SEGGER/Config" -I"C:/Users/-_Alex_-/Desktop/RTOS course/RTOS_workspace/STM32_FreeRTOS_LED_and_Button_Int/Third_Party/SEGGER/OS" -I"C:/Users/-_Alex_-/Desktop/RTOS course/RTOS_workspace/STM32_FreeRTOS_LED_and_Button_Int/Third_Party/SEGGER/SEGGER" -I"C:/Users/-_Alex_-/Desktop/RTOS course/RTOS_workspace/STM32_FreeRTOS_LED_and_Button_Int/Third_Party/FreeRTOS/org/Source/include" -I"C:/Users/-_Alex_-/Desktop/RTOS course/RTOS_workspace/STM32_FreeRTOS_LED_and_Button_Int/Third_Party/FreeRTOS/org/Source/portable/GCC/ARM_CM4F" -I"C:/Users/-_Alex_-/Desktop/RTOS course/RTOS_workspace/STM32_FreeRTOS_LED_and_Button_Int/Config" -I"C:/Users/-_Alex_-/Desktop/RTOS course/RTOS_workspace/STM32_FreeRTOS_LED_and_Button_Int/StdPeriph_Driver/inc" -I"C:/Users/-_Alex_-/Desktop/RTOS course/RTOS_workspace/STM32_FreeRTOS_LED_and_Button_Int/inc" -I"C:/Users/-_Alex_-/Desktop/RTOS course/RTOS_workspace/STM32_FreeRTOS_LED_and_Button_Int/CMSIS/device" -I"C:/Users/-_Alex_-/Desktop/RTOS course/RTOS_workspace/STM32_FreeRTOS_LED_and_Button_Int/CMSIS/core" -O0 -g3 -Wall -fmessage-length=0 -ffunction-sections -c -MMD -MP -MF"Third_Party/FreeRTOS/org/Source/tasks.d" -MT"Third_Party/FreeRTOS/org/Source/tasks.o" -o "Third_Party/FreeRTOS/org/Source/tasks.o" "../Third_Party/FreeRTOS/org/Source/tasks.c"
Invoking: MCU GCC Compiler
C:\Users\-_Alex_-\Desktop\RTOS course\RTOS_workspace\STM32_FreeRTOS_LED_and_Button_Int\Debug
arm-none-eabi-gcc -mcpu=cortex-m4 -mthumb -mfloat-abi=hard -mfpu=fpv4-sp-d16 -DSTM32 -DSTM32F3 -DSTM32F33 -DSTM32F334R8Tx -DNUCLEO_F334R8 -DDEBUG -DSTM32F334x8 -DUSE_STDPERIPH_DRIVER -I"C:/Users/-_Alex_-/Desktop/RTOS course/RTOS_workspace/STM32_FreeRTOS_LED_and_Button_Int/Utilities/STM32F3xx_Nucleo" -I"C:/Users/-_Alex_-/Desktop/RTOS course/RTOS_workspace/STM32_FreeRTOS_LED_and_Button_Int/Third_Party/SEGGER/Config" -I"C:/Users/-_Alex_-/Desktop/RTOS course/RTOS_workspace/STM32_FreeRTOS_LED_and_Button_Int/Third_Party/SEGGER/OS" -I"C:/Users/-_Alex_-/Desktop/RTOS course/RTOS_workspace/STM32_FreeRTOS_LED_and_Button_Int/Third_Party/SEGGER/SEGGER" -I"C:/Users/-_Alex_-/Desktop/RTOS course/RTOS_workspace/STM32_FreeRTOS_LED_and_Button_Int/Third_Party/FreeRTOS/org/Source/include" -I"C:/Users/-_Alex_-/Desktop/RTOS course/RTOS_workspace/STM32_FreeRTOS_LED_and_Button_Int/Third_Party/FreeRTOS/org/Source/portable/GCC/ARM_CM4F" -I"C:/Users/-_Alex_-/Desktop/RTOS course/RTOS_workspace/STM32_FreeRTOS_LED_and_Button_Int/Config" -I"C:/Users/-_Alex_-/Desktop/RTOS course/RTOS_workspace/STM32_FreeRTOS_LED_and_Button_Int/StdPeriph_Driver/inc" -I"C:/Users/-_Alex_-/Desktop/RTOS course/RTOS_workspace/STM32_FreeRTOS_LED_and_Button_Int/inc" -I"C:/Users/-_Alex_-/Desktop/RTOS course/RTOS_workspace/STM32_FreeRTOS_LED_and_Button_Int/CMSIS/device" -I"C:/Users/-_Alex_-/Desktop/RTOS course/RTOS_workspace/STM32_FreeRTOS_LED_and_Button_Int/CMSIS/core" -O0 -g3 -Wall -fmessage-length=0 -ffunction-sections -c -MMD -MP -MF"Third_Party/FreeRTOS/org/Source/timers.d" -MT"Third_Party/FreeRTOS/org/Source/timers.o" -o "Third_Party/FreeRTOS/org/Source/timers.o" "../Third_Party/FreeRTOS/org/Source/timers.c"
Finished building: ../Third_Party/FreeRTOS/org/Source/stream_buffer.c
 
Finished building: ../Third_Party/FreeRTOS/org/Source/queue.c
Building file: ../StdPeriph_Driver/src/stm32f30x_adc.c
 
Invoking: MCU GCC Compiler
Building file: ../StdPeriph_Driver/src/stm32f30x_can.c
C:\Users\-_Alex_-\Desktop\RTOS course\RTOS_workspace\STM32_FreeRTOS_LED_and_Button_Int\Debug
Invoking: MCU GCC Compiler
arm-none-eabi-gcc -mcpu=cortex-m4 -mthumb -mfloat-abi=hard -mfpu=fpv4-sp-d16 -DSTM32 -DSTM32F3 -DSTM32F33 -DSTM32F334R8Tx -DNUCLEO_F334R8 -DDEBUG -DSTM32F334x8 -DUSE_STDPERIPH_DRIVER -I"C:/Users/-_Alex_-/Desktop/RTOS course/RTOS_workspace/STM32_FreeRTOS_LED_and_Button_Int/Utilities/STM32F3xx_Nucleo" -I"C:/Users/-_Alex_-/Desktop/RTOS course/RTOS_workspace/STM32_FreeRTOS_LED_and_Button_Int/Third_Party/SEGGER/Config" -I"C:/Users/-_Alex_-/Desktop/RTOS course/RTOS_workspace/STM32_FreeRTOS_LED_and_Button_Int/Third_Party/SEGGER/OS" -I"C:/Users/-_Alex_-/Desktop/RTOS course/RTOS_workspace/STM32_FreeRTOS_LED_and_Button_Int/Third_Party/SEGGER/SEGGER" -I"C:/Users/-_Alex_-/Desktop/RTOS course/RTOS_workspace/STM32_FreeRTOS_LED_and_Button_Int/Third_Party/FreeRTOS/org/Source/include" -I"C:/Users/-_Alex_-/Desktop/RTOS course/RTOS_workspace/STM32_FreeRTOS_LED_and_Button_Int/Third_Party/FreeRTOS/org/Source/portable/GCC/ARM_CM4F" -I"C:/Users/-_Alex_-/Desktop/RTOS course/RTOS_workspace/STM32_FreeRTOS_LED_and_Button_Int/Config" -I"C:/Users/-_Alex_-/Desktop/RTOS course/RTOS_workspace/STM32_FreeRTOS_LED_and_Button_Int/StdPeriph_Driver/inc" -I"C:/Users/-_Alex_-/Desktop/RTOS course/RTOS_workspace/STM32_FreeRTOS_LED_and_Button_Int/inc" -I"C:/Users/-_Alex_-/Desktop/RTOS course/RTOS_workspace/STM32_FreeRTOS_LED_and_Button_Int/CMSIS/device" -I"C:/Users/-_Alex_-/Desktop/RTOS course/RTOS_workspace/STM32_FreeRTOS_LED_and_Button_Int/CMSIS/core" -O0 -g3 -Wall -fmessage-length=0 -ffunction-sections -c -MMD -MP -MF"StdPeriph_Driver/src/stm32f30x_adc.d" -MT"StdPeriph_Driver/src/stm32f30x_adc.o" -o "StdPeriph_Driver/src/stm32f30x_adc.o" "../StdPeriph_Driver/src/stm32f30x_adc.c"
C:\Users\-_Alex_-\Desktop\RTOS course\RTOS_workspace\STM32_FreeRTOS_LED_and_Button_Int\Debug
arm-none-eabi-gcc -mcpu=cortex-m4 -mthumb -mfloat-abi=hard -mfpu=fpv4-sp-d16 -DSTM32 -DSTM32F3 -DSTM32F33 -DSTM32F334R8Tx -DNUCLEO_F334R8 -DDEBUG -DSTM32F334x8 -DUSE_STDPERIPH_DRIVER -I"C:/Users/-_Alex_-/Desktop/RTOS course/RTOS_workspace/STM32_FreeRTOS_LED_and_Button_Int/Utilities/STM32F3xx_Nucleo" -I"C:/Users/-_Alex_-/Desktop/RTOS course/RTOS_workspace/STM32_FreeRTOS_LED_and_Button_Int/Third_Party/SEGGER/Config" -I"C:/Users/-_Alex_-/Desktop/RTOS course/RTOS_workspace/STM32_FreeRTOS_LED_and_Button_Int/Third_Party/SEGGER/OS" -I"C:/Users/-_Alex_-/Desktop/RTOS course/RTOS_workspace/STM32_FreeRTOS_LED_and_Button_Int/Third_Party/SEGGER/SEGGER" -I"C:/Users/-_Alex_-/Desktop/RTOS course/RTOS_workspace/STM32_FreeRTOS_LED_and_Button_Int/Third_Party/FreeRTOS/org/Source/include" -I"C:/Users/-_Alex_-/Desktop/RTOS course/RTOS_workspace/STM32_FreeRTOS_LED_and_Button_Int/Third_Party/FreeRTOS/org/Source/portable/GCC/ARM_CM4F" -I"C:/Users/-_Alex_-/Desktop/RTOS course/RTOS_workspace/STM32_FreeRTOS_LED_and_Button_Int/Config" -I"C:/Users/-_Alex_-/Desktop/RTOS course/RTOS_workspace/STM32_FreeRTOS_LED_and_Button_Int/StdPeriph_Driver/inc" -I"C:/Users/-_Alex_-/Desktop/RTOS course/RTOS_workspace/STM32_FreeRTOS_LED_and_Button_Int/inc" -I"C:/Users/-_Alex_-/Desktop/RTOS course/RTOS_workspace/STM32_FreeRTOS_LED_and_Button_Int/CMSIS/device" -I"C:/Users/-_Alex_-/Desktop/RTOS course/RTOS_workspace/STM32_FreeRTOS_LED_and_Button_Int/CMSIS/core" -O0 -g3 -Wall -fmessage-length=0 -ffunction-sections -c -MMD -MP -MF"StdPeriph_Driver/src/stm32f30x_can.d" -MT"StdPeriph_Driver/src/stm32f30x_can.o" -o "StdPeriph_Driver/src/stm32f30x_can.o" "../StdPeriph_Driver/src/stm32f30x_can.c"
Finished building: ../Third_Party/FreeRTOS/org/Source/timers.c
 
Building file: ../StdPeriph_Driver/src/stm32f30x_comp.c
Invoking: MCU GCC Compiler
C:\Users\-_Alex_-\Desktop\RTOS course\RTOS_workspace\STM32_FreeRTOS_LED_and_Button_Int\Debug
arm-none-eabi-gcc -mcpu=cortex-m4 -mthumb -mfloat-abi=hard -mfpu=fpv4-sp-d16 -DSTM32 -DSTM32F3 -DSTM32F33 -DSTM32F334R8Tx -DNUCLEO_F334R8 -DDEBUG -DSTM32F334x8 -DUSE_STDPERIPH_DRIVER -I"C:/Users/-_Alex_-/Desktop/RTOS course/RTOS_workspace/STM32_FreeRTOS_LED_and_Button_Int/Utilities/STM32F3xx_Nucleo" -I"C:/Users/-_Alex_-/Desktop/RTOS course/RTOS_workspace/STM32_FreeRTOS_LED_and_Button_Int/Third_Party/SEGGER/Config" -I"C:/Users/-_Alex_-/Desktop/RTOS course/RTOS_workspace/STM32_FreeRTOS_LED_and_Button_Int/Third_Party/SEGGER/OS" -I"C:/Users/-_Alex_-/Desktop/RTOS course/RTOS_workspace/STM32_FreeRTOS_LED_and_Button_Int/Third_Party/SEGGER/SEGGER" -I"C:/Users/-_Alex_-/Desktop/RTOS course/RTOS_workspace/STM32_FreeRTOS_LED_and_Button_Int/Third_Party/FreeRTOS/org/Source/include" -I"C:/Users/-_Alex_-/Desktop/RTOS course/RTOS_workspace/STM32_FreeRTOS_LED_and_Button_Int/Third_Party/FreeRTOS/org/Source/portable/GCC/ARM_CM4F" -I"C:/Users/-_Alex_-/Desktop/RTOS course/RTOS_workspace/STM32_FreeRTOS_LED_and_Button_Int/Config" -I"C:/Users/-_Alex_-/Desktop/RTOS course/RTOS_workspace/STM32_FreeRTOS_LED_and_Button_Int/StdPeriph_Driver/inc" -I"C:/Users/-_Alex_-/Desktop/RTOS course/RTOS_workspace/STM32_FreeRTOS_LED_and_Button_Int/inc" -I"C:/Users/-_Alex_-/Desktop/RTOS course/RTOS_workspace/STM32_FreeRTOS_LED_and_Button_Int/CMSIS/device" -I"C:/Users/-_Alex_-/Desktop/RTOS course/RTOS_workspace/STM32_FreeRTOS_LED_and_Button_Int/CMSIS/core" -O0 -g3 -Wall -fmessage-length=0 -ffunction-sections -c -MMD -MP -MF"StdPeriph_Driver/src/stm32f30x_comp.d" -MT"StdPeriph_Driver/src/stm32f30x_comp.o" -o "StdPeriph_Driver/src/stm32f30x_comp.o" "../StdPeriph_Driver/src/stm32f30x_comp.c"
Finished building: ../Third_Party/FreeRTOS/org/Source/tasks.c
 
Building file: ../StdPeriph_Driver/src/stm32f30x_crc.c
Invoking: MCU GCC Compiler
C:\Users\-_Alex_-\Desktop\RTOS course\RTOS_workspace\STM32_FreeRTOS_LED_and_Button_Int\Debug
arm-none-eabi-gcc -mcpu=cortex-m4 -mthumb -mfloat-abi=hard -mfpu=fpv4-sp-d16 -DSTM32 -DSTM32F3 -DSTM32F33 -DSTM32F334R8Tx -DNUCLEO_F334R8 -DDEBUG -DSTM32F334x8 -DUSE_STDPERIPH_DRIVER -I"C:/Users/-_Alex_-/Desktop/RTOS course/RTOS_workspace/STM32_FreeRTOS_LED_and_Button_Int/Utilities/STM32F3xx_Nucleo" -I"C:/Users/-_Alex_-/Desktop/RTOS course/RTOS_workspace/STM32_FreeRTOS_LED_and_Button_Int/Third_Party/SEGGER/Config" -I"C:/Users/-_Alex_-/Desktop/RTOS course/RTOS_workspace/STM32_FreeRTOS_LED_and_Button_Int/Third_Party/SEGGER/OS" -I"C:/Users/-_Alex_-/Desktop/RTOS course/RTOS_workspace/STM32_FreeRTOS_LED_and_Button_Int/Third_Party/SEGGER/SEGGER" -I"C:/Users/-_Alex_-/Desktop/RTOS course/RTOS_workspace/STM32_FreeRTOS_LED_and_Button_Int/Third_Party/FreeRTOS/org/Source/include" -I"C:/Users/-_Alex_-/Desktop/RTOS course/RTOS_workspace/STM32_FreeRTOS_LED_and_Button_Int/Third_Party/FreeRTOS/org/Source/portable/GCC/ARM_CM4F" -I"C:/Users/-_Alex_-/Desktop/RTOS course/RTOS_workspace/STM32_FreeRTOS_LED_and_Button_Int/Config" -I"C:/Users/-_Alex_-/Desktop/RTOS course/RTOS_workspace/STM32_FreeRTOS_LED_and_Button_Int/StdPeriph_Driver/inc" -I"C:/Users/-_Alex_-/Desktop/RTOS course/RTOS_workspace/STM32_FreeRTOS_LED_and_Button_Int/inc" -I"C:/Users/-_Alex_-/Desktop/RTOS course/RTOS_workspace/STM32_FreeRTOS_LED_and_Button_Int/CMSIS/device" -I"C:/Users/-_Alex_-/Desktop/RTOS course/RTOS_workspace/STM32_FreeRTOS_LED_and_Button_Int/CMSIS/core" -O0 -g3 -Wall -fmessage-length=0 -ffunction-sections -c -MMD -MP -MF"StdPeriph_Driver/src/stm32f30x_crc.d" -MT"StdPeriph_Driver/src/stm32f30x_crc.o" -o "StdPeriph_Driver/src/stm32f30x_crc.o" "../StdPeriph_Driver/src/stm32f30x_crc.c"
Finished building: ../StdPeriph_Driver/src/stm32f30x_can.c
 
Finished building: ../StdPeriph_Driver/src/stm32f30x_adc.c
 
Building file: ../StdPeriph_Driver/src/stm32f30x_dac.c
Building file: ../StdPeriph_Driver/src/stm32f30x_dbgmcu.c
Invoking: MCU GCC Compiler
Finished building: ../StdPeriph_Driver/src/stm32f30x_comp.c
Invoking: MCU GCC Compiler
C:\Users\-_Alex_-\Desktop\RTOS course\RTOS_workspace\STM32_FreeRTOS_LED_and_Button_Int\Debug
arm-none-eabi-gcc -mcpu=cortex-m4 -mthumb -mfloat-abi=hard -mfpu=fpv4-sp-d16 -DSTM32 -DSTM32F3 -DSTM32F33 -DSTM32F334R8Tx -DNUCLEO_F334R8 -DDEBUG -DSTM32F334x8 -DUSE_STDPERIPH_DRIVER -I"C:/Users/-_Alex_-/Desktop/RTOS course/RTOS_workspace/STM32_FreeRTOS_LED_and_Button_Int/Utilities/STM32F3xx_Nucleo" -I"C:/Users/-_Alex_-/Desktop/RTOS course/RTOS_workspace/STM32_FreeRTOS_LED_and_Button_Int/Third_Party/SEGGER/Config" -I"C:/Users/-_Alex_-/Desktop/RTOS course/RTOS_workspace/STM32_FreeRTOS_LED_and_Button_Int/Third_Party/SEGGER/OS" -I"C:/Users/-_Alex_-/Desktop/RTOS course/RTOS_workspace/STM32_FreeRTOS_LED_and_Button_Int/Third_Party/SEGGER/SEGGER" -I"C:/Users/-_Alex_-/Desktop/RTOS course/RTOS_workspace/STM32_FreeRTOS_LED_and_Button_Int/Third_Party/FreeRTOS/org/Source/include" -I"C:/Users/-_Alex_-/Desktop/RTOS course/RTOS_workspace/STM32_FreeRTOS_LED_and_Button_Int/Third_Party/FreeRTOS/org/Source/portable/GCC/ARM_CM4F" -I"C:/Users/-_Alex_-/Desktop/RTOS course/RTOS_workspace/STM32_FreeRTOS_LED_and_Button_Int/Config" -I"C:/Users/-_Alex_-/Desktop/RTOS course/RTOS_workspace/STM32_FreeRTOS_LED_and_Button_Int/StdPeriph_Driver/inc" -I"C:/Users/-_Alex_-/Desktop/RTOS course/RTOS_workspace/STM32_FreeRTOS_LED_and_Button_Int/inc" -I"C:/Users/-_Alex_-/Desktop/RTOS course/RTOS_workspace/STM32_FreeRTOS_LED_and_Button_Int/CMSIS/device" -I"C:/Users/-_Alex_-/Desktop/RTOS course/RTOS_workspace/STM32_FreeRTOS_LED_and_Button_Int/CMSIS/core" -O0 -g3 -Wall -fmessage-length=0 -ffunction-sections -c -MMD -MP -MF"StdPeriph_Driver/src/stm32f30x_dac.d" -MT"StdPeriph_Driver/src/stm32f30x_dac.o" -o "StdPeriph_Driver/src/stm32f30x_dac.o" "../StdPeriph_Driver/src/stm32f30x_dac.c"
C:\Users\-_Alex_-\Desktop\RTOS course\RTOS_workspace\STM32_FreeRTOS_LED_and_Button_Int\Debug
 
arm-none-eabi-gcc -mcpu=cortex-m4 -mthumb -mfloat-abi=hard -mfpu=fpv4-sp-d16 -DSTM32 -DSTM32F3 -DSTM32F33 -DSTM32F334R8Tx -DNUCLEO_F334R8 -DDEBUG -DSTM32F334x8 -DUSE_STDPERIPH_DRIVER -I"C:/Users/-_Alex_-/Desktop/RTOS course/RTOS_workspace/STM32_FreeRTOS_LED_and_Button_Int/Utilities/STM32F3xx_Nucleo" -I"C:/Users/-_Alex_-/Desktop/RTOS course/RTOS_workspace/STM32_FreeRTOS_LED_and_Button_Int/Third_Party/SEGGER/Config" -I"C:/Users/-_Alex_-/Desktop/RTOS course/RTOS_workspace/STM32_FreeRTOS_LED_and_Button_Int/Third_Party/SEGGER/OS" -I"C:/Users/-_Alex_-/Desktop/RTOS course/RTOS_workspace/STM32_FreeRTOS_LED_and_Button_Int/Third_Party/SEGGER/SEGGER" -I"C:/Users/-_Alex_-/Desktop/RTOS course/RTOS_workspace/STM32_FreeRTOS_LED_and_Button_Int/Third_Party/FreeRTOS/org/Source/include" -I"C:/Users/-_Alex_-/Desktop/RTOS course/RTOS_workspace/STM32_FreeRTOS_LED_and_Button_Int/Third_Party/FreeRTOS/org/Source/portable/GCC/ARM_CM4F" -I"C:/Users/-_Alex_-/Desktop/RTOS course/RTOS_workspace/STM32_FreeRTOS_LED_and_Button_Int/Config" -I"C:/Users/-_Alex_-/Desktop/RTOS course/RTOS_workspace/STM32_FreeRTOS_LED_and_Button_Int/StdPeriph_Driver/inc" -I"C:/Users/-_Alex_-/Desktop/RTOS course/RTOS_workspace/STM32_FreeRTOS_LED_and_Button_Int/inc" -I"C:/Users/-_Alex_-/Desktop/RTOS course/RTOS_workspace/STM32_FreeRTOS_LED_and_Button_Int/CMSIS/device" -I"C:/Users/-_Alex_-/Desktop/RTOS course/RTOS_workspace/STM32_FreeRTOS_LED_and_Button_Int/CMSIS/core" -O0 -g3 -Wall -fmessage-length=0 -ffunction-sections -c -MMD -MP -MF"StdPeriph_Driver/src/stm32f30x_dbgmcu.d" -MT"StdPeriph_Driver/src/stm32f30x_dbgmcu.o" -o "StdPeriph_Driver/src/stm32f30x_dbgmcu.o" "../StdPeriph_Driver/src/stm32f30x_dbgmcu.c"
Building file: ../StdPeriph_Driver/src/stm32f30x_dma.c
Invoking: MCU GCC Compiler
C:\Users\-_Alex_-\Desktop\RTOS course\RTOS_workspace\STM32_FreeRTOS_LED_and_Button_Int\Debug
arm-none-eabi-gcc -mcpu=cortex-m4 -mthumb -mfloat-abi=hard -mfpu=fpv4-sp-d16 -DSTM32 -DSTM32F3 -DSTM32F33 -DSTM32F334R8Tx -DNUCLEO_F334R8 -DDEBUG -DSTM32F334x8 -DUSE_STDPERIPH_DRIVER -I"C:/Users/-_Alex_-/Desktop/RTOS course/RTOS_workspace/STM32_FreeRTOS_LED_and_Button_Int/Utilities/STM32F3xx_Nucleo" -I"C:/Users/-_Alex_-/Desktop/RTOS course/RTOS_workspace/STM32_FreeRTOS_LED_and_Button_Int/Third_Party/SEGGER/Config" -I"C:/Users/-_Alex_-/Desktop/RTOS course/RTOS_workspace/STM32_FreeRTOS_LED_and_Button_Int/Third_Party/SEGGER/OS" -I"C:/Users/-_Alex_-/Desktop/RTOS course/RTOS_workspace/STM32_FreeRTOS_LED_and_Button_Int/Third_Party/SEGGER/SEGGER" -I"C:/Users/-_Alex_-/Desktop/RTOS course/RTOS_workspace/STM32_FreeRTOS_LED_and_Button_Int/Third_Party/FreeRTOS/org/Source/include" -I"C:/Users/-_Alex_-/Desktop/RTOS course/RTOS_workspace/STM32_FreeRTOS_LED_and_Button_Int/Third_Party/FreeRTOS/org/Source/portable/GCC/ARM_CM4F" -I"C:/Users/-_Alex_-/Desktop/RTOS course/RTOS_workspace/STM32_FreeRTOS_LED_and_Button_Int/Config" -I"C:/Users/-_Alex_-/Desktop/RTOS course/RTOS_workspace/STM32_FreeRTOS_LED_and_Button_Int/StdPeriph_Driver/inc" -I"C:/Users/-_Alex_-/Desktop/RTOS course/RTOS_workspace/STM32_FreeRTOS_LED_and_Button_Int/inc" -I"C:/Users/-_Alex_-/Desktop/RTOS course/RTOS_workspace/STM32_FreeRTOS_LED_and_Button_Int/CMSIS/device" -I"C:/Users/-_Alex_-/Desktop/RTOS course/RTOS_workspace/STM32_FreeRTOS_LED_and_Button_Int/CMSIS/core" -O0 -g3 -Wall -fmessage-length=0 -ffunction-sections -c -MMD -MP -MF"StdPeriph_Driver/src/stm32f30x_dma.d" -MT"StdPeriph_Driver/src/stm32f30x_dma.o" -o "StdPeriph_Driver/src/stm32f30x_dma.o" "../StdPeriph_Driver/src/stm32f30x_dma.c"
Finished building: ../StdPeriph_Driver/src/stm32f30x_crc.c
 
Building file: ../StdPeriph_Driver/src/stm32f30x_exti.c
Invoking: MCU GCC Compiler
C:\Users\-_Alex_-\Desktop\RTOS course\RTOS_workspace\STM32_FreeRTOS_LED_and_Button_Int\Debug
arm-none-eabi-gcc -mcpu=cortex-m4 -mthumb -mfloat-abi=hard -mfpu=fpv4-sp-d16 -DSTM32 -DSTM32F3 -DSTM32F33 -DSTM32F334R8Tx -DNUCLEO_F334R8 -DDEBUG -DSTM32F334x8 -DUSE_STDPERIPH_DRIVER -I"C:/Users/-_Alex_-/Desktop/RTOS course/RTOS_workspace/STM32_FreeRTOS_LED_and_Button_Int/Utilities/STM32F3xx_Nucleo" -I"C:/Users/-_Alex_-/Desktop/RTOS course/RTOS_workspace/STM32_FreeRTOS_LED_and_Button_Int/Third_Party/SEGGER/Config" -I"C:/Users/-_Alex_-/Desktop/RTOS course/RTOS_workspace/STM32_FreeRTOS_LED_and_Button_Int/Third_Party/SEGGER/OS" -I"C:/Users/-_Alex_-/Desktop/RTOS course/RTOS_workspace/STM32_FreeRTOS_LED_and_Button_Int/Third_Party/SEGGER/SEGGER" -I"C:/Users/-_Alex_-/Desktop/RTOS course/RTOS_workspace/STM32_FreeRTOS_LED_and_Button_Int/Third_Party/FreeRTOS/org/Source/include" -I"C:/Users/-_Alex_-/Desktop/RTOS course/RTOS_workspace/STM32_FreeRTOS_LED_and_Button_Int/Third_Party/FreeRTOS/org/Source/portable/GCC/ARM_CM4F" -I"C:/Users/-_Alex_-/Desktop/RTOS course/RTOS_workspace/STM32_FreeRTOS_LED_and_Button_Int/Config" -I"C:/Users/-_Alex_-/Desktop/RTOS course/RTOS_workspace/STM32_FreeRTOS_LED_and_Button_Int/StdPeriph_Driver/inc" -I"C:/Users/-_Alex_-/Desktop/RTOS course/RTOS_workspace/STM32_FreeRTOS_LED_and_Button_Int/inc" -I"C:/Users/-_Alex_-/Desktop/RTOS course/RTOS_workspace/STM32_FreeRTOS_LED_and_Button_Int/CMSIS/device" -I"C:/Users/-_Alex_-/Desktop/RTOS course/RTOS_workspace/STM32_FreeRTOS_LED_and_Button_Int/CMSIS/core" -O0 -g3 -Wall -fmessage-length=0 -ffunction-sections -c -MMD -MP -MF"StdPeriph_Driver/src/stm32f30x_exti.d" -MT"StdPeriph_Driver/src/stm32f30x_exti.o" -o "StdPeriph_Driver/src/stm32f30x_exti.o" "../StdPeriph_Driver/src/stm32f30x_exti.c"
Finished building: ../StdPeriph_Driver/src/stm32f30x_dac.c
Finished building: ../StdPeriph_Driver/src/stm32f30x_dbgmcu.c
 
 
Building file: ../StdPeriph_Driver/src/stm32f30x_flash.c
Building file: ../StdPeriph_Driver/src/stm32f30x_gpio.c
Invoking: MCU GCC Compiler
Invoking: MCU GCC Compiler
C:\Users\-_Alex_-\Desktop\RTOS course\RTOS_workspace\STM32_FreeRTOS_LED_and_Button_Int\Debug
arm-none-eabi-gcc -mcpu=cortex-m4 -mthumb -mfloat-abi=hard -mfpu=fpv4-sp-d16 -DSTM32 -DSTM32F3 -DSTM32F33 -DSTM32F334R8Tx -DNUCLEO_F334R8 -DDEBUG -DSTM32F334x8 -DUSE_STDPERIPH_DRIVER -I"C:/Users/-_Alex_-/Desktop/RTOS course/RTOS_workspace/STM32_FreeRTOS_LED_and_Button_Int/Utilities/STM32F3xx_Nucleo" -I"C:/Users/-_Alex_-/Desktop/RTOS course/RTOS_workspace/STM32_FreeRTOS_LED_and_Button_Int/Third_Party/SEGGER/Config" -I"C:/Users/-_Alex_-/Desktop/RTOS course/RTOS_workspace/STM32_FreeRTOS_LED_and_Button_Int/Third_Party/SEGGER/OS" -I"C:/Users/-_Alex_-/Desktop/RTOS course/RTOS_workspace/STM32_FreeRTOS_LED_and_Button_Int/Third_Party/SEGGER/SEGGER" -I"C:/Users/-_Alex_-/Desktop/RTOS course/RTOS_workspace/STM32_FreeRTOS_LED_and_Button_Int/Third_Party/FreeRTOS/org/Source/include" -I"C:/Users/-_Alex_-/Desktop/RTOS course/RTOS_workspace/STM32_FreeRTOS_LED_and_Button_Int/Third_Party/FreeRTOS/org/Source/portable/GCC/ARM_CM4F" -I"C:/Users/-_Alex_-/Desktop/RTOS course/RTOS_workspace/STM32_FreeRTOS_LED_and_Button_Int/Config" -I"C:/Users/-_Alex_-/Desktop/RTOS course/RTOS_workspace/STM32_FreeRTOS_LED_and_Button_Int/StdPeriph_Driver/inc" -I"C:/Users/-_Alex_-/Desktop/RTOS course/RTOS_workspace/STM32_FreeRTOS_LED_and_Button_Int/inc" -I"C:/Users/-_Alex_-/Desktop/RTOS course/RTOS_workspace/STM32_FreeRTOS_LED_and_Button_Int/CMSIS/device" -I"C:/Users/-_Alex_-/Desktop/RTOS course/RTOS_workspace/STM32_FreeRTOS_LED_and_Button_Int/CMSIS/core" -O0 -g3 -Wall -fmessage-length=0 -ffunction-sections -c -MMD -MP -MF"StdPeriph_Driver/src/stm32f30x_flash.d" -MT"StdPeriph_Driver/src/stm32f30x_flash.o" -o "StdPeriph_Driver/src/stm32f30x_flash.o" "../StdPeriph_Driver/src/stm32f30x_flash.c"
C:\Users\-_Alex_-\Desktop\RTOS course\RTOS_workspace\STM32_FreeRTOS_LED_and_Button_Int\Debug
arm-none-eabi-gcc -mcpu=cortex-m4 -mthumb -mfloat-abi=hard -mfpu=fpv4-sp-d16 -DSTM32 -DSTM32F3 -DSTM32F33 -DSTM32F334R8Tx -DNUCLEO_F334R8 -DDEBUG -DSTM32F334x8 -DUSE_STDPERIPH_DRIVER -I"C:/Users/-_Alex_-/Desktop/RTOS course/RTOS_workspace/STM32_FreeRTOS_LED_and_Button_Int/Utilities/STM32F3xx_Nucleo" -I"C:/Users/-_Alex_-/Desktop/RTOS course/RTOS_workspace/STM32_FreeRTOS_LED_and_Button_Int/Third_Party/SEGGER/Config" -I"C:/Users/-_Alex_-/Desktop/RTOS course/RTOS_workspace/STM32_FreeRTOS_LED_and_Button_Int/Third_Party/SEGGER/OS" -I"C:/Users/-_Alex_-/Desktop/RTOS course/RTOS_workspace/STM32_FreeRTOS_LED_and_Button_Int/Third_Party/SEGGER/SEGGER" -I"C:/Users/-_Alex_-/Desktop/RTOS course/RTOS_workspace/STM32_FreeRTOS_LED_and_Button_Int/Third_Party/FreeRTOS/org/Source/include" -I"C:/Users/-_Alex_-/Desktop/RTOS course/RTOS_workspace/STM32_FreeRTOS_LED_and_Button_Int/Third_Party/FreeRTOS/org/Source/portable/GCC/ARM_CM4F" -I"C:/Users/-_Alex_-/Desktop/RTOS course/RTOS_workspace/STM32_FreeRTOS_LED_and_Button_Int/Config" -I"C:/Users/-_Alex_-/Desktop/RTOS course/RTOS_workspace/STM32_FreeRTOS_LED_and_Button_Int/StdPeriph_Driver/inc" -I"C:/Users/-_Alex_-/Desktop/RTOS course/RTOS_workspace/STM32_FreeRTOS_LED_and_Button_Int/inc" -I"C:/Users/-_Alex_-/Desktop/RTOS course/RTOS_workspace/STM32_FreeRTOS_LED_and_Button_Int/CMSIS/device" -I"C:/Users/-_Alex_-/Desktop/RTOS course/RTOS_workspace/STM32_FreeRTOS_LED_and_Button_Int/CMSIS/core" -O0 -g3 -Wall -fmessage-length=0 -ffunction-sections -c -MMD -MP -MF"StdPeriph_Driver/src/stm32f30x_gpio.d" -MT"StdPeriph_Driver/src/stm32f30x_gpio.o" -o "StdPeriph_Driver/src/stm32f30x_gpio.o" "../StdPeriph_Driver/src/stm32f30x_gpio.c"
Finished building: ../StdPeriph_Driver/src/stm32f30x_dma.c
 
Building file: ../StdPeriph_Driver/src/stm32f30x_hrtim.c
Invoking: MCU GCC Compiler
C:\Users\-_Alex_-\Desktop\RTOS course\RTOS_workspace\STM32_FreeRTOS_LED_and_Button_Int\Debug
arm-none-eabi-gcc -mcpu=cortex-m4 -mthumb -mfloat-abi=hard -mfpu=fpv4-sp-d16 -DSTM32 -DSTM32F3 -DSTM32F33 -DSTM32F334R8Tx -DNUCLEO_F334R8 -DDEBUG -DSTM32F334x8 -DUSE_STDPERIPH_DRIVER -I"C:/Users/-_Alex_-/Desktop/RTOS course/RTOS_workspace/STM32_FreeRTOS_LED_and_Button_Int/Utilities/STM32F3xx_Nucleo" -I"C:/Users/-_Alex_-/Desktop/RTOS course/RTOS_workspace/STM32_FreeRTOS_LED_and_Button_Int/Third_Party/SEGGER/Config" -I"C:/Users/-_Alex_-/Desktop/RTOS course/RTOS_workspace/STM32_FreeRTOS_LED_and_Button_Int/Third_Party/SEGGER/OS" -I"C:/Users/-_Alex_-/Desktop/RTOS course/RTOS_workspace/STM32_FreeRTOS_LED_and_Button_Int/Third_Party/SEGGER/SEGGER" -I"C:/Users/-_Alex_-/Desktop/RTOS course/RTOS_workspace/STM32_FreeRTOS_LED_and_Button_Int/Third_Party/FreeRTOS/org/Source/include" -I"C:/Users/-_Alex_-/Desktop/RTOS course/RTOS_workspace/STM32_FreeRTOS_LED_and_Button_Int/Third_Party/FreeRTOS/org/Source/portable/GCC/ARM_CM4F" -I"C:/Users/-_Alex_-/Desktop/RTOS course/RTOS_workspace/STM32_FreeRTOS_LED_and_Button_Int/Config" -I"C:/Users/-_Alex_-/Desktop/RTOS course/RTOS_workspace/STM32_FreeRTOS_LED_and_Button_Int/StdPeriph_Driver/inc" -I"C:/Users/-_Alex_-/Desktop/RTOS course/RTOS_workspace/STM32_FreeRTOS_LED_and_Button_Int/inc" -I"C:/Users/-_Alex_-/Desktop/RTOS course/RTOS_workspace/STM32_FreeRTOS_LED_and_Button_Int/CMSIS/device" -I"C:/Users/-_Alex_-/Desktop/RTOS course/RTOS_workspace/STM32_FreeRTOS_LED_and_Button_Int/CMSIS/core" -O0 -g3 -Wall -fmessage-length=0 -ffunction-sections -c -MMD -MP -MF"StdPeriph_Driver/src/stm32f30x_hrtim.d" -MT"StdPeriph_Driver/src/stm32f30x_hrtim.o" -o "StdPeriph_Driver/src/stm32f30x_hrtim.o" "../StdPeriph_Driver/src/stm32f30x_hrtim.c"
Finished building: ../StdPeriph_Driver/src/stm32f30x_exti.c
 
Building file: ../StdPeriph_Driver/src/stm32f30x_i2c.c
Invoking: MCU GCC Compiler
C:\Users\-_Alex_-\Desktop\RTOS course\RTOS_workspace\STM32_FreeRTOS_LED_and_Button_Int\Debug
arm-none-eabi-gcc -mcpu=cortex-m4 -mthumb -mfloat-abi=hard -mfpu=fpv4-sp-d16 -DSTM32 -DSTM32F3 -DSTM32F33 -DSTM32F334R8Tx -DNUCLEO_F334R8 -DDEBUG -DSTM32F334x8 -DUSE_STDPERIPH_DRIVER -I"C:/Users/-_Alex_-/Desktop/RTOS course/RTOS_workspace/STM32_FreeRTOS_LED_and_Button_Int/Utilities/STM32F3xx_Nucleo" -I"C:/Users/-_Alex_-/Desktop/RTOS course/RTOS_workspace/STM32_FreeRTOS_LED_and_Button_Int/Third_Party/SEGGER/Config" -I"C:/Users/-_Alex_-/Desktop/RTOS course/RTOS_workspace/STM32_FreeRTOS_LED_and_Button_Int/Third_Party/SEGGER/OS" -I"C:/Users/-_Alex_-/Desktop/RTOS course/RTOS_workspace/STM32_FreeRTOS_LED_and_Button_Int/Third_Party/SEGGER/SEGGER" -I"C:/Users/-_Alex_-/Desktop/RTOS course/RTOS_workspace/STM32_FreeRTOS_LED_and_Button_Int/Third_Party/FreeRTOS/org/Source/include" -I"C:/Users/-_Alex_-/Desktop/RTOS course/RTOS_workspace/STM32_FreeRTOS_LED_and_Button_Int/Third_Party/FreeRTOS/org/Source/portable/GCC/ARM_CM4F" -I"C:/Users/-_Alex_-/Desktop/RTOS course/RTOS_workspace/STM32_FreeRTOS_LED_and_Button_Int/Config" -I"C:/Users/-_Alex_-/Desktop/RTOS course/RTOS_workspace/STM32_FreeRTOS_LED_and_Button_Int/StdPeriph_Driver/inc" -I"C:/Users/-_Alex_-/Desktop/RTOS course/RTOS_workspace/STM32_FreeRTOS_LED_and_Button_Int/inc" -I"C:/Users/-_Alex_-/Desktop/RTOS course/RTOS_workspace/STM32_FreeRTOS_LED_and_Button_Int/CMSIS/device" -I"C:/Users/-_Alex_-/Desktop/RTOS course/RTOS_workspace/STM32_FreeRTOS_LED_and_Button_Int/CMSIS/core" -O0 -g3 -Wall -fmessage-length=0 -ffunction-sections -c -MMD -MP -MF"StdPeriph_Driver/src/stm32f30x_i2c.d" -MT"StdPeriph_Driver/src/stm32f30x_i2c.o" -o "StdPeriph_Driver/src/stm32f30x_i2c.o" "../StdPeriph_Driver/src/stm32f30x_i2c.c"
Finished building: ../StdPeriph_Driver/src/stm32f30x_gpio.c
 
Finished building: ../StdPeriph_Driver/src/stm32f30x_flash.c
Building file: ../StdPeriph_Driver/src/stm32f30x_iwdg.c
 
Invoking: MCU GCC Compiler
Building file: ../StdPeriph_Driver/src/stm32f30x_misc.c
C:\Users\-_Alex_-\Desktop\RTOS course\RTOS_workspace\STM32_FreeRTOS_LED_and_Button_Int\Debug
arm-none-eabi-gcc -mcpu=cortex-m4 -mthumb -mfloat-abi=hard -mfpu=fpv4-sp-d16 -DSTM32 -DSTM32F3 -DSTM32F33 -DSTM32F334R8Tx -DNUCLEO_F334R8 -DDEBUG -DSTM32F334x8 -DUSE_STDPERIPH_DRIVER -I"C:/Users/-_Alex_-/Desktop/RTOS course/RTOS_workspace/STM32_FreeRTOS_LED_and_Button_Int/Utilities/STM32F3xx_Nucleo" -I"C:/Users/-_Alex_-/Desktop/RTOS course/RTOS_workspace/STM32_FreeRTOS_LED_and_Button_Int/Third_Party/SEGGER/Config" -I"C:/Users/-_Alex_-/Desktop/RTOS course/RTOS_workspace/STM32_FreeRTOS_LED_and_Button_Int/Third_Party/SEGGER/OS" -I"C:/Users/-_Alex_-/Desktop/RTOS course/RTOS_workspace/STM32_FreeRTOS_LED_and_Button_Int/Third_Party/SEGGER/SEGGER" -I"C:/Users/-_Alex_-/Desktop/RTOS course/RTOS_workspace/STM32_FreeRTOS_LED_and_Button_Int/Third_Party/FreeRTOS/org/Source/include" -I"C:/Users/-_Alex_-/Desktop/RTOS course/RTOS_workspace/STM32_FreeRTOS_LED_and_Button_Int/Third_Party/FreeRTOS/org/Source/portable/GCC/ARM_CM4F" -I"C:/Users/-_Alex_-/Desktop/RTOS course/RTOS_workspace/STM32_FreeRTOS_LED_and_Button_Int/Config" -I"C:/Users/-_Alex_-/Desktop/RTOS course/RTOS_workspace/STM32_FreeRTOS_LED_and_Button_Int/StdPeriph_Driver/inc" -I"C:/Users/-_Alex_-/Desktop/RTOS course/RTOS_workspace/STM32_FreeRTOS_LED_and_Button_Int/inc" -I"C:/Users/-_Alex_-/Desktop/RTOS course/RTOS_workspace/STM32_FreeRTOS_LED_and_Button_Int/CMSIS/device" -I"C:/Users/-_Alex_-/Desktop/RTOS course/RTOS_workspace/STM32_FreeRTOS_LED_and_Button_Int/CMSIS/core" -O0 -g3 -Wall -fmessage-length=0 -ffunction-sections -c -MMD -MP -MF"StdPeriph_Driver/src/stm32f30x_iwdg.d" -MT"StdPeriph_Driver/src/stm32f30x_iwdg.o" -o "StdPeriph_Driver/src/stm32f30x_iwdg.o" "../StdPeriph_Driver/src/stm32f30x_iwdg.c"
Invoking: MCU GCC Compiler
C:\Users\-_Alex_-\Desktop\RTOS course\RTOS_workspace\STM32_FreeRTOS_LED_and_Button_Int\Debug
arm-none-eabi-gcc -mcpu=cortex-m4 -mthumb -mfloat-abi=hard -mfpu=fpv4-sp-d16 -DSTM32 -DSTM32F3 -DSTM32F33 -DSTM32F334R8Tx -DNUCLEO_F334R8 -DDEBUG -DSTM32F334x8 -DUSE_STDPERIPH_DRIVER -I"C:/Users/-_Alex_-/Desktop/RTOS course/RTOS_workspace/STM32_FreeRTOS_LED_and_Button_Int/Utilities/STM32F3xx_Nucleo" -I"C:/Users/-_Alex_-/Desktop/RTOS course/RTOS_workspace/STM32_FreeRTOS_LED_and_Button_Int/Third_Party/SEGGER/Config" -I"C:/Users/-_Alex_-/Desktop/RTOS course/RTOS_workspace/STM32_FreeRTOS_LED_and_Button_Int/Third_Party/SEGGER/OS" -I"C:/Users/-_Alex_-/Desktop/RTOS course/RTOS_workspace/STM32_FreeRTOS_LED_and_Button_Int/Third_Party/SEGGER/SEGGER" -I"C:/Users/-_Alex_-/Desktop/RTOS course/RTOS_workspace/STM32_FreeRTOS_LED_and_Button_Int/Third_Party/FreeRTOS/org/Source/include" -I"C:/Users/-_Alex_-/Desktop/RTOS course/RTOS_workspace/STM32_FreeRTOS_LED_and_Button_Int/Third_Party/FreeRTOS/org/Source/portable/GCC/ARM_CM4F" -I"C:/Users/-_Alex_-/Desktop/RTOS course/RTOS_workspace/STM32_FreeRTOS_LED_and_Button_Int/Config" -I"C:/Users/-_Alex_-/Desktop/RTOS course/RTOS_workspace/STM32_FreeRTOS_LED_and_Button_Int/StdPeriph_Driver/inc" -I"C:/Users/-_Alex_-/Desktop/RTOS course/RTOS_workspace/STM32_FreeRTOS_LED_and_Button_Int/inc" -I"C:/Users/-_Alex_-/Desktop/RTOS course/RTOS_workspace/STM32_FreeRTOS_LED_and_Button_Int/CMSIS/device" -I"C:/Users/-_Alex_-/Desktop/RTOS course/RTOS_workspace/STM32_FreeRTOS_LED_and_Button_Int/CMSIS/core" -O0 -g3 -Wall -fmessage-length=0 -ffunction-sections -c -MMD -MP -MF"StdPeriph_Driver/src/stm32f30x_misc.d" -MT"StdPeriph_Driver/src/stm32f30x_misc.o" -o "StdPeriph_Driver/src/stm32f30x_misc.o" "../StdPeriph_Driver/src/stm32f30x_misc.c"
Finished building: ../StdPeriph_Driver/src/stm32f30x_hrtim.c
 
Building file: ../StdPeriph_Driver/src/stm32f30x_opamp.c
Finished building: ../StdPeriph_Driver/src/stm32f30x_i2c.c
Invoking: MCU GCC Compiler
 
C:\Users\-_Alex_-\Desktop\RTOS course\RTOS_workspace\STM32_FreeRTOS_LED_and_Button_Int\Debug
arm-none-eabi-gcc -mcpu=cortex-m4 -mthumb -mfloat-abi=hard -mfpu=fpv4-sp-d16 -DSTM32 -DSTM32F3 -DSTM32F33 -DSTM32F334R8Tx -DNUCLEO_F334R8 -DDEBUG -DSTM32F334x8 -DUSE_STDPERIPH_DRIVER -I"C:/Users/-_Alex_-/Desktop/RTOS course/RTOS_workspace/STM32_FreeRTOS_LED_and_Button_Int/Utilities/STM32F3xx_Nucleo" -I"C:/Users/-_Alex_-/Desktop/RTOS course/RTOS_workspace/STM32_FreeRTOS_LED_and_Button_Int/Third_Party/SEGGER/Config" -I"C:/Users/-_Alex_-/Desktop/RTOS course/RTOS_workspace/STM32_FreeRTOS_LED_and_Button_Int/Third_Party/SEGGER/OS" -I"C:/Users/-_Alex_-/Desktop/RTOS course/RTOS_workspace/STM32_FreeRTOS_LED_and_Button_Int/Third_Party/SEGGER/SEGGER" -I"C:/Users/-_Alex_-/Desktop/RTOS course/RTOS_workspace/STM32_FreeRTOS_LED_and_Button_Int/Third_Party/FreeRTOS/org/Source/include" -I"C:/Users/-_Alex_-/Desktop/RTOS course/RTOS_workspace/STM32_FreeRTOS_LED_and_Button_Int/Third_Party/FreeRTOS/org/Source/portable/GCC/ARM_CM4F" -I"C:/Users/-_Alex_-/Desktop/RTOS course/RTOS_workspace/STM32_FreeRTOS_LED_and_Button_Int/Config" -I"C:/Users/-_Alex_-/Desktop/RTOS course/RTOS_workspace/STM32_FreeRTOS_LED_and_Button_Int/StdPeriph_Driver/inc" -I"C:/Users/-_Alex_-/Desktop/RTOS course/RTOS_workspace/STM32_FreeRTOS_LED_and_Button_Int/inc" -I"C:/Users/-_Alex_-/Desktop/RTOS course/RTOS_workspace/STM32_FreeRTOS_LED_and_Button_Int/CMSIS/device" -I"C:/Users/-_Alex_-/Desktop/RTOS course/RTOS_workspace/STM32_FreeRTOS_LED_and_Button_Int/CMSIS/core" -O0 -g3 -Wall -fmessage-length=0 -ffunction-sections -c -MMD -MP -MF"StdPeriph_Driver/src/stm32f30x_opamp.d" -MT"StdPeriph_Driver/src/stm32f30x_opamp.o" -o "StdPeriph_Driver/src/stm32f30x_opamp.o" "../StdPeriph_Driver/src/stm32f30x_opamp.c"
Building file: ../StdPeriph_Driver/src/stm32f30x_pwr.c
Invoking: MCU GCC Compiler
C:\Users\-_Alex_-\Desktop\RTOS course\RTOS_workspace\STM32_FreeRTOS_LED_and_Button_Int\Debug
Finished building: ../StdPeriph_Driver/src/stm32f30x_iwdg.c
arm-none-eabi-gcc -mcpu=cortex-m4 -mthumb -mfloat-abi=hard -mfpu=fpv4-sp-d16 -DSTM32 -DSTM32F3 -DSTM32F33 -DSTM32F334R8Tx -DNUCLEO_F334R8 -DDEBUG -DSTM32F334x8 -DUSE_STDPERIPH_DRIVER -I"C:/Users/-_Alex_-/Desktop/RTOS course/RTOS_workspace/STM32_FreeRTOS_LED_and_Button_Int/Utilities/STM32F3xx_Nucleo" -I"C:/Users/-_Alex_-/Desktop/RTOS course/RTOS_workspace/STM32_FreeRTOS_LED_and_Button_Int/Third_Party/SEGGER/Config" -I"C:/Users/-_Alex_-/Desktop/RTOS course/RTOS_workspace/STM32_FreeRTOS_LED_and_Button_Int/Third_Party/SEGGER/OS" -I"C:/Users/-_Alex_-/Desktop/RTOS course/RTOS_workspace/STM32_FreeRTOS_LED_and_Button_Int/Third_Party/SEGGER/SEGGER" -I"C:/Users/-_Alex_-/Desktop/RTOS course/RTOS_workspace/STM32_FreeRTOS_LED_and_Button_Int/Third_Party/FreeRTOS/org/Source/include" -I"C:/Users/-_Alex_-/Desktop/RTOS course/RTOS_workspace/STM32_FreeRTOS_LED_and_Button_Int/Third_Party/FreeRTOS/org/Source/portable/GCC/ARM_CM4F" -I"C:/Users/-_Alex_-/Desktop/RTOS course/RTOS_workspace/STM32_FreeRTOS_LED_and_Button_Int/Config" -I"C:/Users/-_Alex_-/Desktop/RTOS course/RTOS_workspace/STM32_FreeRTOS_LED_and_Button_Int/StdPeriph_Driver/inc" -I"C:/Users/-_Alex_-/Desktop/RTOS course/RTOS_workspace/STM32_FreeRTOS_LED_and_Button_Int/inc" -I"C:/Users/-_Alex_-/Desktop/RTOS course/RTOS_workspace/STM32_FreeRTOS_LED_and_Button_Int/CMSIS/device" -I"C:/Users/-_Alex_-/Desktop/RTOS course/RTOS_workspace/STM32_FreeRTOS_LED_and_Button_Int/CMSIS/core" -O0 -g3 -Wall -fmessage-length=0 -ffunction-sections -c -MMD -MP -MF"StdPeriph_Driver/src/stm32f30x_pwr.d" -MT"StdPeriph_Driver/src/stm32f30x_pwr.o" -o "StdPeriph_Driver/src/stm32f30x_pwr.o" "../StdPeriph_Driver/src/stm32f30x_pwr.c"
 
Building file: ../StdPeriph_Driver/src/stm32f30x_rcc.c
Finished building: ../StdPeriph_Driver/src/stm32f30x_misc.c
Invoking: MCU GCC Compiler
 
C:\Users\-_Alex_-\Desktop\RTOS course\RTOS_workspace\STM32_FreeRTOS_LED_and_Button_Int\Debug
arm-none-eabi-gcc -mcpu=cortex-m4 -mthumb -mfloat-abi=hard -mfpu=fpv4-sp-d16 -DSTM32 -DSTM32F3 -DSTM32F33 -DSTM32F334R8Tx -DNUCLEO_F334R8 -DDEBUG -DSTM32F334x8 -DUSE_STDPERIPH_DRIVER -I"C:/Users/-_Alex_-/Desktop/RTOS course/RTOS_workspace/STM32_FreeRTOS_LED_and_Button_Int/Utilities/STM32F3xx_Nucleo" -I"C:/Users/-_Alex_-/Desktop/RTOS course/RTOS_workspace/STM32_FreeRTOS_LED_and_Button_Int/Third_Party/SEGGER/Config" -I"C:/Users/-_Alex_-/Desktop/RTOS course/RTOS_workspace/STM32_FreeRTOS_LED_and_Button_Int/Third_Party/SEGGER/OS" -I"C:/Users/-_Alex_-/Desktop/RTOS course/RTOS_workspace/STM32_FreeRTOS_LED_and_Button_Int/Third_Party/SEGGER/SEGGER" -I"C:/Users/-_Alex_-/Desktop/RTOS course/RTOS_workspace/STM32_FreeRTOS_LED_and_Button_Int/Third_Party/FreeRTOS/org/Source/include" -I"C:/Users/-_Alex_-/Desktop/RTOS course/RTOS_workspace/STM32_FreeRTOS_LED_and_Button_Int/Third_Party/FreeRTOS/org/Source/portable/GCC/ARM_CM4F" -I"C:/Users/-_Alex_-/Desktop/RTOS course/RTOS_workspace/STM32_FreeRTOS_LED_and_Button_Int/Config" -I"C:/Users/-_Alex_-/Desktop/RTOS course/RTOS_workspace/STM32_FreeRTOS_LED_and_Button_Int/StdPeriph_Driver/inc" -I"C:/Users/-_Alex_-/Desktop/RTOS course/RTOS_workspace/STM32_FreeRTOS_LED_and_Button_Int/inc" -I"C:/Users/-_Alex_-/Desktop/RTOS course/RTOS_workspace/STM32_FreeRTOS_LED_and_Button_Int/CMSIS/device" -I"C:/Users/-_Alex_-/Desktop/RTOS course/RTOS_workspace/STM32_FreeRTOS_LED_and_Button_Int/CMSIS/core" -O0 -g3 -Wall -fmessage-length=0 -ffunction-sections -c -MMD -MP -MF"StdPeriph_Driver/src/stm32f30x_rcc.d" -MT"StdPeriph_Driver/src/stm32f30x_rcc.o" -o "StdPeriph_Driver/src/stm32f30x_rcc.o" "../StdPeriph_Driver/src/stm32f30x_rcc.c"
Building file: ../StdPeriph_Driver/src/stm32f30x_rtc.c
Invoking: MCU GCC Compiler
C:\Users\-_Alex_-\Desktop\RTOS course\RTOS_workspace\STM32_FreeRTOS_LED_and_Button_Int\Debug
arm-none-eabi-gcc -mcpu=cortex-m4 -mthumb -mfloat-abi=hard -mfpu=fpv4-sp-d16 -DSTM32 -DSTM32F3 -DSTM32F33 -DSTM32F334R8Tx -DNUCLEO_F334R8 -DDEBUG -DSTM32F334x8 -DUSE_STDPERIPH_DRIVER -I"C:/Users/-_Alex_-/Desktop/RTOS course/RTOS_workspace/STM32_FreeRTOS_LED_and_Button_Int/Utilities/STM32F3xx_Nucleo" -I"C:/Users/-_Alex_-/Desktop/RTOS course/RTOS_workspace/STM32_FreeRTOS_LED_and_Button_Int/Third_Party/SEGGER/Config" -I"C:/Users/-_Alex_-/Desktop/RTOS course/RTOS_workspace/STM32_FreeRTOS_LED_and_Button_Int/Third_Party/SEGGER/OS" -I"C:/Users/-_Alex_-/Desktop/RTOS course/RTOS_workspace/STM32_FreeRTOS_LED_and_Button_Int/Third_Party/SEGGER/SEGGER" -I"C:/Users/-_Alex_-/Desktop/RTOS course/RTOS_workspace/STM32_FreeRTOS_LED_and_Button_Int/Third_Party/FreeRTOS/org/Source/include" -I"C:/Users/-_Alex_-/Desktop/RTOS course/RTOS_workspace/STM32_FreeRTOS_LED_and_Button_Int/Third_Party/FreeRTOS/org/Source/portable/GCC/ARM_CM4F" -I"C:/Users/-_Alex_-/Desktop/RTOS course/RTOS_workspace/STM32_FreeRTOS_LED_and_Button_Int/Config" -I"C:/Users/-_Alex_-/Desktop/RTOS course/RTOS_workspace/STM32_FreeRTOS_LED_and_Button_Int/StdPeriph_Driver/inc" -I"C:/Users/-_Alex_-/Desktop/RTOS course/RTOS_workspace/STM32_FreeRTOS_LED_and_Button_Int/inc" -I"C:/Users/-_Alex_-/Desktop/RTOS course/RTOS_workspace/STM32_FreeRTOS_LED_and_Button_Int/CMSIS/device" -I"C:/Users/-_Alex_-/Desktop/RTOS course/RTOS_workspace/STM32_FreeRTOS_LED_and_Button_Int/CMSIS/core" -O0 -g3 -Wall -fmessage-length=0 -ffunction-sections -c -MMD -MP -MF"StdPeriph_Driver/src/stm32f30x_rtc.d" -MT"StdPeriph_Driver/src/stm32f30x_rtc.o" -o "StdPeriph_Driver/src/stm32f30x_rtc.o" "../StdPeriph_Driver/src/stm32f30x_rtc.c"
Finished building: ../StdPeriph_Driver/src/stm32f30x_opamp.c
 
Finished building: ../StdPeriph_Driver/src/stm32f30x_pwr.c
Building file: ../StdPeriph_Driver/src/stm32f30x_spi.c
 
Invoking: MCU GCC Compiler
Building file: ../StdPeriph_Driver/src/stm32f30x_syscfg.c
C:\Users\-_Alex_-\Desktop\RTOS course\RTOS_workspace\STM32_FreeRTOS_LED_and_Button_Int\Debug
arm-none-eabi-gcc -mcpu=cortex-m4 -mthumb -mfloat-abi=hard -mfpu=fpv4-sp-d16 -DSTM32 -DSTM32F3 -DSTM32F33 -DSTM32F334R8Tx -DNUCLEO_F334R8 -DDEBUG -DSTM32F334x8 -DUSE_STDPERIPH_DRIVER -I"C:/Users/-_Alex_-/Desktop/RTOS course/RTOS_workspace/STM32_FreeRTOS_LED_and_Button_Int/Utilities/STM32F3xx_Nucleo" -I"C:/Users/-_Alex_-/Desktop/RTOS course/RTOS_workspace/STM32_FreeRTOS_LED_and_Button_Int/Third_Party/SEGGER/Config" -I"C:/Users/-_Alex_-/Desktop/RTOS course/RTOS_workspace/STM32_FreeRTOS_LED_and_Button_Int/Third_Party/SEGGER/OS" -I"C:/Users/-_Alex_-/Desktop/RTOS course/RTOS_workspace/STM32_FreeRTOS_LED_and_Button_Int/Third_Party/SEGGER/SEGGER" -I"C:/Users/-_Alex_-/Desktop/RTOS course/RTOS_workspace/STM32_FreeRTOS_LED_and_Button_Int/Third_Party/FreeRTOS/org/Source/include" -I"C:/Users/-_Alex_-/Desktop/RTOS course/RTOS_workspace/STM32_FreeRTOS_LED_and_Button_Int/Third_Party/FreeRTOS/org/Source/portable/GCC/ARM_CM4F" -I"C:/Users/-_Alex_-/Desktop/RTOS course/RTOS_workspace/STM32_FreeRTOS_LED_and_Button_Int/Config" -I"C:/Users/-_Alex_-/Desktop/RTOS course/RTOS_workspace/STM32_FreeRTOS_LED_and_Button_Int/StdPeriph_Driver/inc" -I"C:/Users/-_Alex_-/Desktop/RTOS course/RTOS_workspace/STM32_FreeRTOS_LED_and_Button_Int/inc" -I"C:/Users/-_Alex_-/Desktop/RTOS course/RTOS_workspace/STM32_FreeRTOS_LED_and_Button_Int/CMSIS/device" -I"C:/Users/-_Alex_-/Desktop/RTOS course/RTOS_workspace/STM32_FreeRTOS_LED_and_Button_Int/CMSIS/core" -O0 -g3 -Wall -fmessage-length=0 -ffunction-sections -c -MMD -MP -MF"StdPeriph_Driver/src/stm32f30x_spi.d" -MT"StdPeriph_Driver/src/stm32f30x_spi.o" -o "StdPeriph_Driver/src/stm32f30x_spi.o" "../StdPeriph_Driver/src/stm32f30x_spi.c"
Invoking: MCU GCC Compiler
C:\Users\-_Alex_-\Desktop\RTOS course\RTOS_workspace\STM32_FreeRTOS_LED_and_Button_Int\Debug
arm-none-eabi-gcc -mcpu=cortex-m4 -mthumb -mfloat-abi=hard -mfpu=fpv4-sp-d16 -DSTM32 -DSTM32F3 -DSTM32F33 -DSTM32F334R8Tx -DNUCLEO_F334R8 -DDEBUG -DSTM32F334x8 -DUSE_STDPERIPH_DRIVER -I"C:/Users/-_Alex_-/Desktop/RTOS course/RTOS_workspace/STM32_FreeRTOS_LED_and_Button_Int/Utilities/STM32F3xx_Nucleo" -I"C:/Users/-_Alex_-/Desktop/RTOS course/RTOS_workspace/STM32_FreeRTOS_LED_and_Button_Int/Third_Party/SEGGER/Config" -I"C:/Users/-_Alex_-/Desktop/RTOS course/RTOS_workspace/STM32_FreeRTOS_LED_and_Button_Int/Third_Party/SEGGER/OS" -I"C:/Users/-_Alex_-/Desktop/RTOS course/RTOS_workspace/STM32_FreeRTOS_LED_and_Button_Int/Third_Party/SEGGER/SEGGER" -I"C:/Users/-_Alex_-/Desktop/RTOS course/RTOS_workspace/STM32_FreeRTOS_LED_and_Button_Int/Third_Party/FreeRTOS/org/Source/include" -I"C:/Users/-_Alex_-/Desktop/RTOS course/RTOS_workspace/STM32_FreeRTOS_LED_and_Button_Int/Third_Party/FreeRTOS/org/Source/portable/GCC/ARM_CM4F" -I"C:/Users/-_Alex_-/Desktop/RTOS course/RTOS_workspace/STM32_FreeRTOS_LED_and_Button_Int/Config" -I"C:/Users/-_Alex_-/Desktop/RTOS course/RTOS_workspace/STM32_FreeRTOS_LED_and_Button_Int/StdPeriph_Driver/inc" -I"C:/Users/-_Alex_-/Desktop/RTOS course/RTOS_workspace/STM32_FreeRTOS_LED_and_Button_Int/inc" -I"C:/Users/-_Alex_-/Desktop/RTOS course/RTOS_workspace/STM32_FreeRTOS_LED_and_Button_Int/CMSIS/device" -I"C:/Users/-_Alex_-/Desktop/RTOS course/RTOS_workspace/STM32_FreeRTOS_LED_and_Button_Int/CMSIS/core" -O0 -g3 -Wall -fmessage-length=0 -ffunction-sections -c -MMD -MP -MF"StdPeriph_Driver/src/stm32f30x_syscfg.d" -MT"StdPeriph_Driver/src/stm32f30x_syscfg.o" -o "StdPeriph_Driver/src/stm32f30x_syscfg.o" "../StdPeriph_Driver/src/stm32f30x_syscfg.c"
Finished building: ../StdPeriph_Driver/src/stm32f30x_rcc.c
 
Building file: ../StdPeriph_Driver/src/stm32f30x_tim.c
Invoking: MCU GCC Compiler
C:\Users\-_Alex_-\Desktop\RTOS course\RTOS_workspace\STM32_FreeRTOS_LED_and_Button_Int\Debug
arm-none-eabi-gcc -mcpu=cortex-m4 -mthumb -mfloat-abi=hard -mfpu=fpv4-sp-d16 -DSTM32 -DSTM32F3 -DSTM32F33 -DSTM32F334R8Tx -DNUCLEO_F334R8 -DDEBUG -DSTM32F334x8 -DUSE_STDPERIPH_DRIVER -I"C:/Users/-_Alex_-/Desktop/RTOS course/RTOS_workspace/STM32_FreeRTOS_LED_and_Button_Int/Utilities/STM32F3xx_Nucleo" -I"C:/Users/-_Alex_-/Desktop/RTOS course/RTOS_workspace/STM32_FreeRTOS_LED_and_Button_Int/Third_Party/SEGGER/Config" -I"C:/Users/-_Alex_-/Desktop/RTOS course/RTOS_workspace/STM32_FreeRTOS_LED_and_Button_Int/Third_Party/SEGGER/OS" -I"C:/Users/-_Alex_-/Desktop/RTOS course/RTOS_workspace/STM32_FreeRTOS_LED_and_Button_Int/Third_Party/SEGGER/SEGGER" -I"C:/Users/-_Alex_-/Desktop/RTOS course/RTOS_workspace/STM32_FreeRTOS_LED_and_Button_Int/Third_Party/FreeRTOS/org/Source/include" -I"C:/Users/-_Alex_-/Desktop/RTOS course/RTOS_workspace/STM32_FreeRTOS_LED_and_Button_Int/Third_Party/FreeRTOS/org/Source/portable/GCC/ARM_CM4F" -I"C:/Users/-_Alex_-/Desktop/RTOS course/RTOS_workspace/STM32_FreeRTOS_LED_and_Button_Int/Config" -I"C:/Users/-_Alex_-/Desktop/RTOS course/RTOS_workspace/STM32_FreeRTOS_LED_and_Button_Int/StdPeriph_Driver/inc" -I"C:/Users/-_Alex_-/Desktop/RTOS course/RTOS_workspace/STM32_FreeRTOS_LED_and_Button_Int/inc" -I"C:/Users/-_Alex_-/Desktop/RTOS course/RTOS_workspace/STM32_FreeRTOS_LED_and_Button_Int/CMSIS/device" -I"C:/Users/-_Alex_-/Desktop/RTOS course/RTOS_workspace/STM32_FreeRTOS_LED_and_Button_Int/CMSIS/core" -O0 -g3 -Wall -fmessage-length=0 -ffunction-sections -c -MMD -MP -MF"StdPeriph_Driver/src/stm32f30x_tim.d" -MT"StdPeriph_Driver/src/stm32f30x_tim.o" -o "StdPeriph_Driver/src/stm32f30x_tim.o" "../StdPeriph_Driver/src/stm32f30x_tim.c"
Finished building: ../StdPeriph_Driver/src/stm32f30x_rtc.c
 
Building file: ../StdPeriph_Driver/src/stm32f30x_usart.c
Invoking: MCU GCC Compiler
C:\Users\-_Alex_-\Desktop\RTOS course\RTOS_workspace\STM32_FreeRTOS_LED_and_Button_Int\Debug
arm-none-eabi-gcc -mcpu=cortex-m4 -mthumb -mfloat-abi=hard -mfpu=fpv4-sp-d16 -DSTM32 -DSTM32F3 -DSTM32F33 -DSTM32F334R8Tx -DNUCLEO_F334R8 -DDEBUG -DSTM32F334x8 -DUSE_STDPERIPH_DRIVER -I"C:/Users/-_Alex_-/Desktop/RTOS course/RTOS_workspace/STM32_FreeRTOS_LED_and_Button_Int/Utilities/STM32F3xx_Nucleo" -I"C:/Users/-_Alex_-/Desktop/RTOS course/RTOS_workspace/STM32_FreeRTOS_LED_and_Button_Int/Third_Party/SEGGER/Config" -I"C:/Users/-_Alex_-/Desktop/RTOS course/RTOS_workspace/STM32_FreeRTOS_LED_and_Button_Int/Third_Party/SEGGER/OS" -I"C:/Users/-_Alex_-/Desktop/RTOS course/RTOS_workspace/STM32_FreeRTOS_LED_and_Button_Int/Third_Party/SEGGER/SEGGER" -I"C:/Users/-_Alex_-/Desktop/RTOS course/RTOS_workspace/STM32_FreeRTOS_LED_and_Button_Int/Third_Party/FreeRTOS/org/Source/include" -I"C:/Users/-_Alex_-/Desktop/RTOS course/RTOS_workspace/STM32_FreeRTOS_LED_and_Button_Int/Third_Party/FreeRTOS/org/Source/portable/GCC/ARM_CM4F" -I"C:/Users/-_Alex_-/Desktop/RTOS course/RTOS_workspace/STM32_FreeRTOS_LED_and_Button_Int/Config" -I"C:/Users/-_Alex_-/Desktop/RTOS course/RTOS_workspace/STM32_FreeRTOS_LED_and_Button_Int/StdPeriph_Driver/inc" -I"C:/Users/-_Alex_-/Desktop/RTOS course/RTOS_workspace/STM32_FreeRTOS_LED_and_Button_Int/inc" -I"C:/Users/-_Alex_-/Desktop/RTOS course/RTOS_workspace/STM32_FreeRTOS_LED_and_Button_Int/CMSIS/device" -I"C:/Users/-_Alex_-/Desktop/RTOS course/RTOS_workspace/STM32_FreeRTOS_LED_and_Button_Int/CMSIS/core" -O0 -g3 -Wall -fmessage-length=0 -ffunction-sections -c -MMD -MP -MF"StdPeriph_Driver/src/stm32f30x_usart.d" -MT"StdPeriph_Driver/src/stm32f30x_usart.o" -o "StdPeriph_Driver/src/stm32f30x_usart.o" "../StdPeriph_Driver/src/stm32f30x_usart.c"
Finished building: ../StdPeriph_Driver/src/stm32f30x_syscfg.c
Finished building: ../StdPeriph_Driver/src/stm32f30x_spi.c
 
 
Building file: ../StdPeriph_Driver/src/stm32f30x_wwdg.c
Invoking: MCU GCC Compiler
C:\Users\-_Alex_-\Desktop\RTOS course\RTOS_workspace\STM32_FreeRTOS_LED_and_Button_Int\Debug
arm-none-eabi-gcc -mcpu=cortex-m4 -mthumb -mfloat-abi=hard -mfpu=fpv4-sp-d16 -DSTM32 -DSTM32F3 -DSTM32F33 -DSTM32F334R8Tx -DNUCLEO_F334R8 -DDEBUG -DSTM32F334x8 -DUSE_STDPERIPH_DRIVER -I"C:/Users/-_Alex_-/Desktop/RTOS course/RTOS_workspace/STM32_FreeRTOS_LED_and_Button_Int/Utilities/STM32F3xx_Nucleo" -I"C:/Users/-_Alex_-/Desktop/RTOS course/RTOS_workspace/STM32_FreeRTOS_LED_and_Button_Int/Third_Party/SEGGER/Config" -I"C:/Users/-_Alex_-/Desktop/RTOS course/RTOS_workspace/STM32_FreeRTOS_LED_and_Button_Int/Third_Party/SEGGER/OS" -I"C:/Users/-_Alex_-/Desktop/RTOS course/RTOS_workspace/STM32_FreeRTOS_LED_and_Button_Int/Third_Party/SEGGER/SEGGER" -I"C:/Users/-_Alex_-/Desktop/RTOS course/RTOS_workspace/STM32_FreeRTOS_LED_and_Button_Int/Third_Party/FreeRTOS/org/Source/include" -I"C:/Users/-_Alex_-/Desktop/RTOS course/RTOS_workspace/STM32_FreeRTOS_LED_and_Button_Int/Third_Party/FreeRTOS/org/Source/portable/GCC/ARM_CM4F" -I"C:/Users/-_Alex_-/Desktop/RTOS course/RTOS_workspace/STM32_FreeRTOS_LED_and_Button_Int/Config" -I"C:/Users/-_Alex_-/Desktop/RTOS course/RTOS_workspace/STM32_FreeRTOS_LED_and_Button_Int/StdPeriph_Driver/inc" -I"C:/Users/-_Alex_-/Desktop/RTOS course/RTOS_workspace/STM32_FreeRTOS_LED_and_Button_Int/inc" -I"C:/Users/-_Alex_-/Desktop/RTOS course/RTOS_workspace/STM32_FreeRTOS_LED_and_Button_Int/CMSIS/device" -I"C:/Users/-_Alex_-/Desktop/RTOS course/RTOS_workspace/STM32_FreeRTOS_LED_and_Button_Int/CMSIS/core" -O0 -g3 -Wall -fmessage-length=0 -ffunction-sections -c -MMD -MP -MF"StdPeriph_Driver/src/stm32f30x_wwdg.d" -MT"StdPeriph_Driver/src/stm32f30x_wwdg.o" -o "StdPeriph_Driver/src/stm32f30x_wwdg.o" "../StdPeriph_Driver/src/stm32f30x_wwdg.c"
Finished building: ../StdPeriph_Driver/src/stm32f30x_usart.c
Finished building: ../StdPeriph_Driver/src/stm32f30x_tim.c
 
 
Finished building: ../StdPeriph_Driver/src/stm32f30x_wwdg.c
 
Building target: STM32_FreeRTOS_LED_and_Button_Int.elf
Invoking: MCU GCC Linker
arm-none-eabi-gcc -mcpu=cortex-m4 -mthumb -mfloat-abi=hard -mfpu=fpv4-sp-d16 -T"C:/Users/-_Alex_-/Desktop/RTOS course/RTOS_workspace/STM32_FreeRTOS_LED_and_Button_Int/LinkerScript.ld" -Wl,-Map=output.map -Wl,--gc-sections -o "STM32_FreeRTOS_LED_and_Button_Int.elf" @"objects.list"   -lm
Finished building target: STM32_FreeRTOS_LED_and_Button_Int.elf
 
make --no-print-directory post-build
Generating binary and Printing size information:
arm-none-eabi-objcopy -O binary "STM32_FreeRTOS_LED_and_Button_Int.elf" "STM32_FreeRTOS_LED_and_Button_Int.bin"
arm-none-eabi-size "STM32_FreeRTOS_LED_and_Button_Int.elf"
   text	   data	    bss	    dec	    hex	filename
  16888	   1152	   7700	  25740	   648c	STM32_FreeRTOS_LED_and_Button_Int.elf
 

19:00:23 Build Finished (took 14s.812ms)

